Archive member included to satisfy reference by file (symbol)

c:/program files (x86)/gnu tools arm embedded/5.3 2016q1/bin/../lib/gcc/arm-none-eabi/5.3.1/../../../../arm-none-eabi/lib/armv7-m\libc.a(lib_a-exit.o)
                              c:/program files (x86)/gnu tools arm embedded/5.3 2016q1/bin/../lib/gcc/arm-none-eabi/5.3.1/../../../../arm-none-eabi/lib/armv7-m/crt0.o (exit)
c:/program files (x86)/gnu tools arm embedded/5.3 2016q1/bin/../lib/gcc/arm-none-eabi/5.3.1/../../../../arm-none-eabi/lib/armv7-m\libc.a(lib_a-impure.o)
                              c:/program files (x86)/gnu tools arm embedded/5.3 2016q1/bin/../lib/gcc/arm-none-eabi/5.3.1/../../../../arm-none-eabi/lib/armv7-m\libc.a(lib_a-exit.o) (_global_impure_ptr)
c:/program files (x86)/gnu tools arm embedded/5.3 2016q1/bin/../lib/gcc/arm-none-eabi/5.3.1/../../../../arm-none-eabi/lib/armv7-m\libc.a(lib_a-init.o)
                              c:/program files (x86)/gnu tools arm embedded/5.3 2016q1/bin/../lib/gcc/arm-none-eabi/5.3.1/../../../../arm-none-eabi/lib/armv7-m/crt0.o (__libc_init_array)
c:/program files (x86)/gnu tools arm embedded/5.3 2016q1/bin/../lib/gcc/arm-none-eabi/5.3.1/../../../../arm-none-eabi/lib/armv7-m\libc.a(lib_a-memset.o)
                              c:/program files (x86)/gnu tools arm embedded/5.3 2016q1/bin/../lib/gcc/arm-none-eabi/5.3.1/../../../../arm-none-eabi/lib/armv7-m/crt0.o (memset)
c:/program files (x86)/gnu tools arm embedded/5.3 2016q1/bin/../lib/gcc/arm-none-eabi/5.3.1/../../../../arm-none-eabi/lib/armv7-m\libc.a(lib_a-__call_atexit.o)
                              c:/program files (x86)/gnu tools arm embedded/5.3 2016q1/bin/../lib/gcc/arm-none-eabi/5.3.1/../../../../arm-none-eabi/lib/armv7-m\libc.a(lib_a-exit.o) (__call_exitprocs)
c:/program files (x86)/gnu tools arm embedded/5.3 2016q1/bin/../lib/gcc/arm-none-eabi/5.3.1/../../../../arm-none-eabi/lib/armv7-m\libc.a(lib_a-atexit.o)
                              c:/program files (x86)/gnu tools arm embedded/5.3 2016q1/bin/../lib/gcc/arm-none-eabi/5.3.1/../../../../arm-none-eabi/lib/armv7-m\libc.a(lib_a-__call_atexit.o) (atexit)
c:/program files (x86)/gnu tools arm embedded/5.3 2016q1/bin/../lib/gcc/arm-none-eabi/5.3.1/../../../../arm-none-eabi/lib/armv7-m\libc.a(lib_a-fini.o)
                              c:/program files (x86)/gnu tools arm embedded/5.3 2016q1/bin/../lib/gcc/arm-none-eabi/5.3.1/../../../../arm-none-eabi/lib/armv7-m\libc.a(lib_a-__call_atexit.o) (__libc_fini_array)
c:/program files (x86)/gnu tools arm embedded/5.3 2016q1/bin/../lib/gcc/arm-none-eabi/5.3.1/../../../../arm-none-eabi/lib/armv7-m\libc.a(lib_a-__atexit.o)
                              c:/program files (x86)/gnu tools arm embedded/5.3 2016q1/bin/../lib/gcc/arm-none-eabi/5.3.1/../../../../arm-none-eabi/lib/armv7-m\libc.a(lib_a-atexit.o) (__register_exitproc)
c:/program files (x86)/gnu tools arm embedded/5.3 2016q1/bin/../lib/gcc/arm-none-eabi/5.3.1/../../../../arm-none-eabi/lib/armv7-m\libg.a(lib_a-errno.o)
                              ..\obj\syscalls.o (__errno)

Discarded input sections

 .text          0x00000000        0x0 c:/program files (x86)/gnu tools arm embedded/5.3 2016q1/bin/../lib/gcc/arm-none-eabi/5.3.1/armv7-m/crti.o
 .data          0x00000000        0x0 c:/program files (x86)/gnu tools arm embedded/5.3 2016q1/bin/../lib/gcc/arm-none-eabi/5.3.1/armv7-m/crti.o
 .bss           0x00000000        0x0 c:/program files (x86)/gnu tools arm embedded/5.3 2016q1/bin/../lib/gcc/arm-none-eabi/5.3.1/armv7-m/crti.o
 .data          0x00000000        0x4 c:/program files (x86)/gnu tools arm embedded/5.3 2016q1/bin/../lib/gcc/arm-none-eabi/5.3.1/armv7-m/crtbegin.o
 .text          0x00000000       0x74 c:/program files (x86)/gnu tools arm embedded/5.3 2016q1/bin/../lib/gcc/arm-none-eabi/5.3.1/../../../../arm-none-eabi/lib/armv7-m/crt0.o
 .data          0x00000000        0x0 c:/program files (x86)/gnu tools arm embedded/5.3 2016q1/bin/../lib/gcc/arm-none-eabi/5.3.1/../../../../arm-none-eabi/lib/armv7-m/crt0.o
 .bss           0x00000000        0x0 c:/program files (x86)/gnu tools arm embedded/5.3 2016q1/bin/../lib/gcc/arm-none-eabi/5.3.1/../../../../arm-none-eabi/lib/armv7-m/crt0.o
 .ARM.extab     0x00000000        0x0 c:/program files (x86)/gnu tools arm embedded/5.3 2016q1/bin/../lib/gcc/arm-none-eabi/5.3.1/../../../../arm-none-eabi/lib/armv7-m/crt0.o
 .ARM.exidx     0x00000000        0x8 c:/program files (x86)/gnu tools arm embedded/5.3 2016q1/bin/../lib/gcc/arm-none-eabi/5.3.1/../../../../arm-none-eabi/lib/armv7-m/crt0.o
 .ARM.attributes
                0x00000000       0x1b c:/program files (x86)/gnu tools arm embedded/5.3 2016q1/bin/../lib/gcc/arm-none-eabi/5.3.1/../../../../arm-none-eabi/lib/armv7-m/crt0.o
 .text          0x00000000        0x0 c:/program files (x86)/gnu tools arm embedded/5.3 2016q1/bin/../lib/gcc/arm-none-eabi/5.3.1/../../../../arm-none-eabi/lib/armv7-m\libc.a(lib_a-exit.o)
 .data          0x00000000        0x0 c:/program files (x86)/gnu tools arm embedded/5.3 2016q1/bin/../lib/gcc/arm-none-eabi/5.3.1/../../../../arm-none-eabi/lib/armv7-m\libc.a(lib_a-exit.o)
 .bss           0x00000000        0x0 c:/program files (x86)/gnu tools arm embedded/5.3 2016q1/bin/../lib/gcc/arm-none-eabi/5.3.1/../../../../arm-none-eabi/lib/armv7-m\libc.a(lib_a-exit.o)
 .text.exit     0x00000000       0x20 c:/program files (x86)/gnu tools arm embedded/5.3 2016q1/bin/../lib/gcc/arm-none-eabi/5.3.1/../../../../arm-none-eabi/lib/armv7-m\libc.a(lib_a-exit.o)
 .debug_frame   0x00000000       0x28 c:/program files (x86)/gnu tools arm embedded/5.3 2016q1/bin/../lib/gcc/arm-none-eabi/5.3.1/../../../../arm-none-eabi/lib/armv7-m\libc.a(lib_a-exit.o)
 .ARM.attributes
                0x00000000       0x2d c:/program files (x86)/gnu tools arm embedded/5.3 2016q1/bin/../lib/gcc/arm-none-eabi/5.3.1/../../../../arm-none-eabi/lib/armv7-m\libc.a(lib_a-exit.o)
 .text          0x00000000        0x0 c:/program files (x86)/gnu tools arm embedded/5.3 2016q1/bin/../lib/gcc/arm-none-eabi/5.3.1/../../../../arm-none-eabi/lib/armv7-m\libc.a(lib_a-impure.o)
 .data          0x00000000        0x0 c:/program files (x86)/gnu tools arm embedded/5.3 2016q1/bin/../lib/gcc/arm-none-eabi/5.3.1/../../../../arm-none-eabi/lib/armv7-m\libc.a(lib_a-impure.o)
 .bss           0x00000000        0x0 c:/program files (x86)/gnu tools arm embedded/5.3 2016q1/bin/../lib/gcc/arm-none-eabi/5.3.1/../../../../arm-none-eabi/lib/armv7-m\libc.a(lib_a-impure.o)
 .data._impure_ptr
                0x00000000        0x4 c:/program files (x86)/gnu tools arm embedded/5.3 2016q1/bin/../lib/gcc/arm-none-eabi/5.3.1/../../../../arm-none-eabi/lib/armv7-m\libc.a(lib_a-impure.o)
 .ARM.attributes
                0x00000000       0x2d c:/program files (x86)/gnu tools arm embedded/5.3 2016q1/bin/../lib/gcc/arm-none-eabi/5.3.1/../../../../arm-none-eabi/lib/armv7-m\libc.a(lib_a-impure.o)
 .text          0x00000000        0x0 c:/program files (x86)/gnu tools arm embedded/5.3 2016q1/bin/../lib/gcc/arm-none-eabi/5.3.1/../../../../arm-none-eabi/lib/armv7-m\libc.a(lib_a-init.o)
 .data          0x00000000        0x0 c:/program files (x86)/gnu tools arm embedded/5.3 2016q1/bin/../lib/gcc/arm-none-eabi/5.3.1/../../../../arm-none-eabi/lib/armv7-m\libc.a(lib_a-init.o)
 .bss           0x00000000        0x0 c:/program files (x86)/gnu tools arm embedded/5.3 2016q1/bin/../lib/gcc/arm-none-eabi/5.3.1/../../../../arm-none-eabi/lib/armv7-m\libc.a(lib_a-init.o)
 .debug_frame   0x00000000       0x2c c:/program files (x86)/gnu tools arm embedded/5.3 2016q1/bin/../lib/gcc/arm-none-eabi/5.3.1/../../../../arm-none-eabi/lib/armv7-m\libc.a(lib_a-init.o)
 .ARM.attributes
                0x00000000       0x2d c:/program files (x86)/gnu tools arm embedded/5.3 2016q1/bin/../lib/gcc/arm-none-eabi/5.3.1/../../../../arm-none-eabi/lib/armv7-m\libc.a(lib_a-init.o)
 .text          0x00000000        0x0 c:/program files (x86)/gnu tools arm embedded/5.3 2016q1/bin/../lib/gcc/arm-none-eabi/5.3.1/../../../../arm-none-eabi/lib/armv7-m\libc.a(lib_a-memset.o)
 .data          0x00000000        0x0 c:/program files (x86)/gnu tools arm embedded/5.3 2016q1/bin/../lib/gcc/arm-none-eabi/5.3.1/../../../../arm-none-eabi/lib/armv7-m\libc.a(lib_a-memset.o)
 .bss           0x00000000        0x0 c:/program files (x86)/gnu tools arm embedded/5.3 2016q1/bin/../lib/gcc/arm-none-eabi/5.3.1/../../../../arm-none-eabi/lib/armv7-m\libc.a(lib_a-memset.o)
 .text.memset   0x00000000       0x9c c:/program files (x86)/gnu tools arm embedded/5.3 2016q1/bin/../lib/gcc/arm-none-eabi/5.3.1/../../../../arm-none-eabi/lib/armv7-m\libc.a(lib_a-memset.o)
 .debug_frame   0x00000000       0x34 c:/program files (x86)/gnu tools arm embedded/5.3 2016q1/bin/../lib/gcc/arm-none-eabi/5.3.1/../../../../arm-none-eabi/lib/armv7-m\libc.a(lib_a-memset.o)
 .ARM.attributes
                0x00000000       0x2d c:/program files (x86)/gnu tools arm embedded/5.3 2016q1/bin/../lib/gcc/arm-none-eabi/5.3.1/../../../../arm-none-eabi/lib/armv7-m\libc.a(lib_a-memset.o)
 .text          0x00000000        0x0 c:/program files (x86)/gnu tools arm embedded/5.3 2016q1/bin/../lib/gcc/arm-none-eabi/5.3.1/../../../../arm-none-eabi/lib/armv7-m\libc.a(lib_a-__call_atexit.o)
 .data          0x00000000        0x0 c:/program files (x86)/gnu tools arm embedded/5.3 2016q1/bin/../lib/gcc/arm-none-eabi/5.3.1/../../../../arm-none-eabi/lib/armv7-m\libc.a(lib_a-__call_atexit.o)
 .bss           0x00000000        0x0 c:/program files (x86)/gnu tools arm embedded/5.3 2016q1/bin/../lib/gcc/arm-none-eabi/5.3.1/../../../../arm-none-eabi/lib/armv7-m\libc.a(lib_a-__call_atexit.o)
 .text.__call_exitprocs
                0x00000000       0xd8 c:/program files (x86)/gnu tools arm embedded/5.3 2016q1/bin/../lib/gcc/arm-none-eabi/5.3.1/../../../../arm-none-eabi/lib/armv7-m\libc.a(lib_a-__call_atexit.o)
 .debug_frame   0x00000000       0x50 c:/program files (x86)/gnu tools arm embedded/5.3 2016q1/bin/../lib/gcc/arm-none-eabi/5.3.1/../../../../arm-none-eabi/lib/armv7-m\libc.a(lib_a-__call_atexit.o)
 .ARM.attributes
                0x00000000       0x2d c:/program files (x86)/gnu tools arm embedded/5.3 2016q1/bin/../lib/gcc/arm-none-eabi/5.3.1/../../../../arm-none-eabi/lib/armv7-m\libc.a(lib_a-__call_atexit.o)
 .text          0x00000000        0x0 c:/program files (x86)/gnu tools arm embedded/5.3 2016q1/bin/../lib/gcc/arm-none-eabi/5.3.1/../../../../arm-none-eabi/lib/armv7-m\libc.a(lib_a-atexit.o)
 .data          0x00000000        0x0 c:/program files (x86)/gnu tools arm embedded/5.3 2016q1/bin/../lib/gcc/arm-none-eabi/5.3.1/../../../../arm-none-eabi/lib/armv7-m\libc.a(lib_a-atexit.o)
 .bss           0x00000000        0x0 c:/program files (x86)/gnu tools arm embedded/5.3 2016q1/bin/../lib/gcc/arm-none-eabi/5.3.1/../../../../arm-none-eabi/lib/armv7-m\libc.a(lib_a-atexit.o)
 .debug_frame   0x00000000       0x20 c:/program files (x86)/gnu tools arm embedded/5.3 2016q1/bin/../lib/gcc/arm-none-eabi/5.3.1/../../../../arm-none-eabi/lib/armv7-m\libc.a(lib_a-atexit.o)
 .ARM.attributes
                0x00000000       0x2d c:/program files (x86)/gnu tools arm embedded/5.3 2016q1/bin/../lib/gcc/arm-none-eabi/5.3.1/../../../../arm-none-eabi/lib/armv7-m\libc.a(lib_a-atexit.o)
 .text          0x00000000        0x0 c:/program files (x86)/gnu tools arm embedded/5.3 2016q1/bin/../lib/gcc/arm-none-eabi/5.3.1/../../../../arm-none-eabi/lib/armv7-m\libc.a(lib_a-fini.o)
 .data          0x00000000        0x0 c:/program files (x86)/gnu tools arm embedded/5.3 2016q1/bin/../lib/gcc/arm-none-eabi/5.3.1/../../../../arm-none-eabi/lib/armv7-m\libc.a(lib_a-fini.o)
 .bss           0x00000000        0x0 c:/program files (x86)/gnu tools arm embedded/5.3 2016q1/bin/../lib/gcc/arm-none-eabi/5.3.1/../../../../arm-none-eabi/lib/armv7-m\libc.a(lib_a-fini.o)
 .debug_frame   0x00000000       0x34 c:/program files (x86)/gnu tools arm embedded/5.3 2016q1/bin/../lib/gcc/arm-none-eabi/5.3.1/../../../../arm-none-eabi/lib/armv7-m\libc.a(lib_a-fini.o)
 .ARM.attributes
                0x00000000       0x2d c:/program files (x86)/gnu tools arm embedded/5.3 2016q1/bin/../lib/gcc/arm-none-eabi/5.3.1/../../../../arm-none-eabi/lib/armv7-m\libc.a(lib_a-fini.o)
 .text          0x00000000        0x0 c:/program files (x86)/gnu tools arm embedded/5.3 2016q1/bin/../lib/gcc/arm-none-eabi/5.3.1/../../../../arm-none-eabi/lib/armv7-m\libc.a(lib_a-__atexit.o)
 .data          0x00000000        0x0 c:/program files (x86)/gnu tools arm embedded/5.3 2016q1/bin/../lib/gcc/arm-none-eabi/5.3.1/../../../../arm-none-eabi/lib/armv7-m\libc.a(lib_a-__atexit.o)
 .bss           0x00000000        0x0 c:/program files (x86)/gnu tools arm embedded/5.3 2016q1/bin/../lib/gcc/arm-none-eabi/5.3.1/../../../../arm-none-eabi/lib/armv7-m\libc.a(lib_a-__atexit.o)
 .debug_frame   0x00000000       0x34 c:/program files (x86)/gnu tools arm embedded/5.3 2016q1/bin/../lib/gcc/arm-none-eabi/5.3.1/../../../../arm-none-eabi/lib/armv7-m\libc.a(lib_a-__atexit.o)
 .ARM.attributes
                0x00000000       0x2d c:/program files (x86)/gnu tools arm embedded/5.3 2016q1/bin/../lib/gcc/arm-none-eabi/5.3.1/../../../../arm-none-eabi/lib/armv7-m\libc.a(lib_a-__atexit.o)
 .text          0x00000000      0x908 ..\obj\stm32f10x_usart.o
 .data          0x00000000        0x0 ..\obj\stm32f10x_usart.o
 .bss           0x00000000        0x0 ..\obj\stm32f10x_usart.o
 .debug_info    0x00000000      0xa09 ..\obj\stm32f10x_usart.o
 .debug_abbrev  0x00000000      0x16d ..\obj\stm32f10x_usart.o
 .debug_aranges
                0x00000000       0x20 ..\obj\stm32f10x_usart.o
 .debug_line    0x00000000      0x33f ..\obj\stm32f10x_usart.o
 .debug_str     0x00000000      0x6be ..\obj\stm32f10x_usart.o
 .comment       0x00000000       0x6f ..\obj\stm32f10x_usart.o
 .debug_frame   0x00000000      0x490 ..\obj\stm32f10x_usart.o
 .ARM.attributes
                0x00000000       0x33 ..\obj\stm32f10x_usart.o
 .bss           0x00000000        0x0 ..\obj\system_stm32f10x.o
 .data          0x00000000        0x0 ..\obj\GPIO_setting.o
 .bss           0x00000000        0x0 ..\obj\GPIO_setting.o
 .data          0x00000000        0x0 ..\obj\stm32f10x_gpio.o
 .bss           0x00000000        0x0 ..\obj\stm32f10x_gpio.o
 .text          0x00000000      0x270 ..\obj\syscalls.o
 .data          0x00000000        0x4 ..\obj\syscalls.o
 .bss           0x00000000        0x8 ..\obj\syscalls.o
 .debug_info    0x00000000      0x663 ..\obj\syscalls.o
 .debug_abbrev  0x00000000      0x174 ..\obj\syscalls.o
 .debug_aranges
                0x00000000       0x20 ..\obj\syscalls.o
 .debug_line    0x00000000      0x187 ..\obj\syscalls.o
 .debug_str     0x00000000      0x3fb ..\obj\syscalls.o
 .comment       0x00000000       0x6f ..\obj\syscalls.o
 .debug_frame   0x00000000      0x2d4 ..\obj\syscalls.o
 .ARM.attributes
                0x00000000       0x33 ..\obj\syscalls.o
 .text          0x00000000       0x14 ..\obj\startup_stm32f103xb.o
 .data          0x00000000        0x0 ..\obj\startup_stm32f103xb.o
 .bss           0x00000000        0x0 ..\obj\startup_stm32f103xb.o
 .bss           0x00000000        0x0 ..\obj\stm32f10x_rcc.o
 .data          0x00000000        0x0 ..\obj\SPI_setting.o
 .bss           0x00000000        0x0 ..\obj\SPI_setting.o
 .data          0x00000000        0x0 ..\obj\stpMtr_drive.o
 .bss           0x00000000        0x0 ..\obj\stpMtr_drive.o
 .data          0x00000000        0x0 ..\obj\main.o
 .bss           0x00000000        0x0 ..\obj\main.o
 .data          0x00000000        0x0 ..\obj\stm32f10x_spi.o
 .bss           0x00000000        0x0 ..\obj\stm32f10x_spi.o
 .text          0x00000000        0x0 c:/program files (x86)/gnu tools arm embedded/5.3 2016q1/bin/../lib/gcc/arm-none-eabi/5.3.1/../../../../arm-none-eabi/lib/armv7-m\libg.a(lib_a-errno.o)
 .data          0x00000000        0x0 c:/program files (x86)/gnu tools arm embedded/5.3 2016q1/bin/../lib/gcc/arm-none-eabi/5.3.1/../../../../arm-none-eabi/lib/armv7-m\libg.a(lib_a-errno.o)
 .bss           0x00000000        0x0 c:/program files (x86)/gnu tools arm embedded/5.3 2016q1/bin/../lib/gcc/arm-none-eabi/5.3.1/../../../../arm-none-eabi/lib/armv7-m\libg.a(lib_a-errno.o)
 .text.__errno  0x00000000        0xc c:/program files (x86)/gnu tools arm embedded/5.3 2016q1/bin/../lib/gcc/arm-none-eabi/5.3.1/../../../../arm-none-eabi/lib/armv7-m\libg.a(lib_a-errno.o)
 .debug_frame   0x00000000       0x20 c:/program files (x86)/gnu tools arm embedded/5.3 2016q1/bin/../lib/gcc/arm-none-eabi/5.3.1/../../../../arm-none-eabi/lib/armv7-m\libg.a(lib_a-errno.o)
 .ARM.attributes
                0x00000000       0x2d c:/program files (x86)/gnu tools arm embedded/5.3 2016q1/bin/../lib/gcc/arm-none-eabi/5.3.1/../../../../arm-none-eabi/lib/armv7-m\libg.a(lib_a-errno.o)
 .text          0x00000000        0x0 c:/program files (x86)/gnu tools arm embedded/5.3 2016q1/bin/../lib/gcc/arm-none-eabi/5.3.1/armv7-m/crtend.o
 .data          0x00000000        0x0 c:/program files (x86)/gnu tools arm embedded/5.3 2016q1/bin/../lib/gcc/arm-none-eabi/5.3.1/armv7-m/crtend.o
 .bss           0x00000000        0x0 c:/program files (x86)/gnu tools arm embedded/5.3 2016q1/bin/../lib/gcc/arm-none-eabi/5.3.1/armv7-m/crtend.o
 .eh_frame      0x00000000        0x4 c:/program files (x86)/gnu tools arm embedded/5.3 2016q1/bin/../lib/gcc/arm-none-eabi/5.3.1/armv7-m/crtend.o
 .jcr           0x00000000        0x4 c:/program files (x86)/gnu tools arm embedded/5.3 2016q1/bin/../lib/gcc/arm-none-eabi/5.3.1/armv7-m/crtend.o
 .ARM.attributes
                0x00000000       0x2d c:/program files (x86)/gnu tools arm embedded/5.3 2016q1/bin/../lib/gcc/arm-none-eabi/5.3.1/armv7-m/crtend.o
 .text          0x00000000        0x0 c:/program files (x86)/gnu tools arm embedded/5.3 2016q1/bin/../lib/gcc/arm-none-eabi/5.3.1/armv7-m/crtn.o
 .data          0x00000000        0x0 c:/program files (x86)/gnu tools arm embedded/5.3 2016q1/bin/../lib/gcc/arm-none-eabi/5.3.1/armv7-m/crtn.o
 .bss           0x00000000        0x0 c:/program files (x86)/gnu tools arm embedded/5.3 2016q1/bin/../lib/gcc/arm-none-eabi/5.3.1/armv7-m/crtn.o

Memory Configuration

Name             Origin             Length             Attributes
FLASH            0x08000000         0x00010000         xr
RAM              0x20000000         0x00005000         xrw
*default*        0x00000000         0xffffffff

Linker script and memory map

LOAD c:/program files (x86)/gnu tools arm embedded/5.3 2016q1/bin/../lib/gcc/arm-none-eabi/5.3.1/armv7-m/crti.o
LOAD c:/program files (x86)/gnu tools arm embedded/5.3 2016q1/bin/../lib/gcc/arm-none-eabi/5.3.1/armv7-m/crtbegin.o
LOAD c:/program files (x86)/gnu tools arm embedded/5.3 2016q1/bin/../lib/gcc/arm-none-eabi/5.3.1/../../../../arm-none-eabi/lib/armv7-m/crt0.o
                0x20004fff                _estack = 0x20004fff
                0x00000200                _Min_Heap_Size = 0x200
                0x00000400                _Min_Stack_Size = 0x400

.isr_vector     0x08000000      0x10c
                0x08000000                . = ALIGN (0x4)
 *(.isr_vector)
 .isr_vector    0x08000000      0x10c ..\obj\startup_stm32f103xb.o
                0x08000000                g_pfnVectors
                0x0800010c                . = ALIGN (0x4)

.text           0x0800010c     0x1b84
                0x0800010c                . = ALIGN (0x4)
 *(.text)
 .text          0x0800010c       0x5c c:/program files (x86)/gnu tools arm embedded/5.3 2016q1/bin/../lib/gcc/arm-none-eabi/5.3.1/armv7-m/crtbegin.o
 .text          0x08000168      0x24c ..\obj\system_stm32f10x.o
                0x08000168                SystemInit
                0x080001d0                SystemCoreClockUpdate
 .text          0x080003b4       0x34 ..\obj\GPIO_setting.o
                0x080003b4                GPIO_conf
 .text          0x080003e8      0x5e8 ..\obj\stm32f10x_gpio.o
                0x080003e8                GPIO_DeInit
                0x080004cc                GPIO_AFIODeInit
                0x080004e4                GPIO_Init
                0x0800065c                GPIO_StructInit
                0x08000684                GPIO_ReadInputDataBit
                0x080006b8                GPIO_ReadInputData
                0x080006d0                GPIO_ReadOutputDataBit
                0x08000704                GPIO_ReadOutputData
                0x0800071c                GPIO_SetBits
                0x08000738                GPIO_ResetBits
                0x08000754                GPIO_WriteBit
                0x08000784                GPIO_Write
                0x080007a0                GPIO_PinLockConfig
                0x080007e4                GPIO_EventOutputConfig
                0x08000830                GPIO_EventOutputCmd
                0x08000850                GPIO_PinRemapConfig
                0x08000930                GPIO_EXTILineConfig
                0x080009b4                GPIO_ETH_MediaInterfaceConfig
 .text          0x080009d0      0x7d0 ..\obj\stm32f10x_rcc.o
                0x080009d0                RCC_DeInit
                0x08000a2c                RCC_HSEConfig
                0x08000a88                RCC_WaitForHSEStartUp
                0x08000ad8                RCC_AdjustHSICalibrationValue
                0x08000b14                RCC_HSICmd
                0x08000b34                RCC_PLLConfig
                0x08000b70                RCC_PLLCmd
                0x08000b90                RCC_SYSCLKConfig
                0x08000bc8                RCC_GetSYSCLKSource
                0x08000be4                RCC_HCLKConfig
                0x08000c1c                RCC_PCLK1Config
                0x08000c54                RCC_PCLK2Config
                0x08000c8c                RCC_ITConfig
                0x08000cd8                RCC_USBCLKConfig
                0x08000cf4                RCC_ADCCLKConfig
                0x08000d2c                RCC_LSEConfig
                0x08000d6c                RCC_LSICmd
                0x08000d8c                RCC_RTCCLKConfig
                0x08000db0                RCC_RTCCLKCmd
                0x08000dd0                RCC_GetClocksFreq
                0x08000f30                RCC_AHBPeriphClockCmd
                0x08000f6c                RCC_APB2PeriphClockCmd
                0x08000fa8                RCC_APB1PeriphClockCmd
                0x08000fe4                RCC_APB2PeriphResetCmd
                0x08001020                RCC_APB1PeriphResetCmd
                0x0800105c                RCC_BackupResetCmd
                0x0800107c                RCC_ClockSecuritySystemCmd
                0x0800109c                RCC_MCOConfig
                0x080010bc                RCC_GetFlagStatus
                0x08001130                RCC_ClearFlag
                0x0800114c                RCC_GetITStatus
                0x08001180                RCC_ClearITPendingBit
 .text          0x080011a0       0xd4 ..\obj\SPI_setting.o
                0x080011a0                enableSPI
                0x080011e0                SPI_conf
 .text          0x08001274       0x78 ..\obj\stpMtr_drive.o
                0x08001274                stdMtr_drive_conf
                0x080012a4                sendConfToShiftReg
                0x080012d0                outputData
 .text          0x080012ec      0x11c ..\obj\main.o
                0x080012ec                delay
                0x08001318                main
 .text          0x08001408      0x6e8 ..\obj\stm32f10x_spi.o
                0x08001408                SPI_I2S_DeInit
                0x0800147c                SPI_Init
                0x08001504                I2S_Init
                0x0800166c                SPI_StructInit
                0x080016b4                I2S_StructInit
                0x080016ec                SPI_Cmd
                0x0800172c                I2S_Cmd
                0x0800176c                SPI_I2S_ITConfig
                0x080017cc                SPI_I2S_DMACmd
                0x08001814                SPI_I2S_SendData
                0x08001830                SPI_I2S_ReceiveData
                0x08001848                SPI_NSSInternalSoftwareConfig
                0x0800188c                SPI_SSOutputCmd
                0x080018cc                SPI_DataSizeConfig
                0x08001904                SPI_TransmitCRC
                0x08001928                SPI_CalculateCRC
                0x08001968                SPI_GetCRC
                0x08001998                SPI_GetCRCPolynomial
                0x080019b0                SPI_BiDirectionalLineConfig
                0x080019f0                SPI_I2S_GetFlagStatus
                0x08001a28                SPI_I2S_ClearFlag
                0x08001a48                SPI_I2S_GetITStatus
                0x08001abc                SPI_I2S_ClearITPendingBit
 *(.text*)
 .text.__libc_init_array
                0x08001af0       0x50 c:/program files (x86)/gnu tools arm embedded/5.3 2016q1/bin/../lib/gcc/arm-none-eabi/5.3.1/../../../../arm-none-eabi/lib/armv7-m\libc.a(lib_a-init.o)
                0x08001af0                __libc_init_array
 .text.startup.register_fini
                0x08001b40       0x14 c:/program files (x86)/gnu tools arm embedded/5.3 2016q1/bin/../lib/gcc/arm-none-eabi/5.3.1/../../../../arm-none-eabi/lib/armv7-m\libc.a(lib_a-__call_atexit.o)
 .text.atexit   0x08001b54        0xc c:/program files (x86)/gnu tools arm embedded/5.3 2016q1/bin/../lib/gcc/arm-none-eabi/5.3.1/../../../../arm-none-eabi/lib/armv7-m\libc.a(lib_a-atexit.o)
                0x08001b54                atexit
 .text.__libc_fini_array
                0x08001b60       0x28 c:/program files (x86)/gnu tools arm embedded/5.3 2016q1/bin/../lib/gcc/arm-none-eabi/5.3.1/../../../../arm-none-eabi/lib/armv7-m\libc.a(lib_a-fini.o)
                0x08001b60                __libc_fini_array
 .text.__register_exitproc
                0x08001b88       0xa4 c:/program files (x86)/gnu tools arm embedded/5.3 2016q1/bin/../lib/gcc/arm-none-eabi/5.3.1/../../../../arm-none-eabi/lib/armv7-m\libc.a(lib_a-__atexit.o)
                0x08001b88                __register_exitproc
 .text.Reset_Handler
                0x08001c2c       0x48 ..\obj\startup_stm32f103xb.o
                0x08001c2c                Reset_Handler
 .text.Default_Handler
                0x08001c74        0x2 ..\obj\startup_stm32f103xb.o
                0x08001c74                RTC_Alarm_IRQHandler
                0x08001c74                EXTI2_IRQHandler
                0x08001c74                DebugMon_Handler
                0x08001c74                TIM1_CC_IRQHandler
                0x08001c74                HardFault_Handler
                0x08001c74                SysTick_Handler
                0x08001c74                PVD_IRQHandler
                0x08001c74                PendSV_Handler
                0x08001c74                NMI_Handler
                0x08001c74                EXTI3_IRQHandler
                0x08001c74                EXTI0_IRQHandler
                0x08001c74                I2C2_EV_IRQHandler
                0x08001c74                UsageFault_Handler
                0x08001c74                ADC1_2_IRQHandler
                0x08001c74                SPI1_IRQHandler
                0x08001c74                TAMPER_IRQHandler
                0x08001c74                DMA1_Channel4_IRQHandler
                0x08001c74                USART3_IRQHandler
                0x08001c74                RTC_IRQHandler
                0x08001c74                DMA1_Channel7_IRQHandler
                0x08001c74                CAN1_RX1_IRQHandler
                0x08001c74                TIM4_IRQHandler
                0x08001c74                I2C1_EV_IRQHandler
                0x08001c74                DMA1_Channel6_IRQHandler
                0x08001c74                TIM3_IRQHandler
                0x08001c74                RCC_IRQHandler
                0x08001c74                TIM1_TRG_COM_IRQHandler
                0x08001c74                DMA1_Channel1_IRQHandler
                0x08001c74                Default_Handler
                0x08001c74                EXTI15_10_IRQHandler
                0x08001c74                EXTI9_5_IRQHandler
                0x08001c74                SPI2_IRQHandler
                0x08001c74                MemManage_Handler
                0x08001c74                SVC_Handler
                0x08001c74                DMA1_Channel5_IRQHandler
                0x08001c74                EXTI4_IRQHandler
                0x08001c74                USB_LP_CAN1_RX0_IRQHandler
                0x08001c74                USB_HP_CAN1_TX_IRQHandler
                0x08001c74                DMA1_Channel3_IRQHandler
                0x08001c74                TIM1_UP_IRQHandler
                0x08001c74                WWDG_IRQHandler
                0x08001c74                TIM2_IRQHandler
                0x08001c74                TIM1_BRK_IRQHandler
                0x08001c74                EXTI1_IRQHandler
                0x08001c74                USART2_IRQHandler
                0x08001c74                I2C2_ER_IRQHandler
                0x08001c74                DMA1_Channel2_IRQHandler
                0x08001c74                CAN1_SCE_IRQHandler
                0x08001c74                FLASH_IRQHandler
                0x08001c74                BusFault_Handler
                0x08001c74                USART1_IRQHandler
                0x08001c74                I2C1_ER_IRQHandler
                0x08001c74                USBWakeUp_IRQHandler
 *(.glue_7)
 .glue_7        0x08001c76        0x0 linker stubs
 *(.glue_7t)
 .glue_7t       0x08001c76        0x0 linker stubs
 *(.eh_frame)
 *fill*         0x08001c76        0x2 
 .eh_frame      0x08001c78        0x0 c:/program files (x86)/gnu tools arm embedded/5.3 2016q1/bin/../lib/gcc/arm-none-eabi/5.3.1/armv7-m/crtbegin.o
 *(.init)
 .init          0x08001c78        0x4 c:/program files (x86)/gnu tools arm embedded/5.3 2016q1/bin/../lib/gcc/arm-none-eabi/5.3.1/armv7-m/crti.o
                0x08001c78                _init
 .init          0x08001c7c        0x8 c:/program files (x86)/gnu tools arm embedded/5.3 2016q1/bin/../lib/gcc/arm-none-eabi/5.3.1/armv7-m/crtn.o
 *(.fini)
 .fini          0x08001c84        0x4 c:/program files (x86)/gnu tools arm embedded/5.3 2016q1/bin/../lib/gcc/arm-none-eabi/5.3.1/armv7-m/crti.o
                0x08001c84                _fini
 .fini          0x08001c88        0x8 c:/program files (x86)/gnu tools arm embedded/5.3 2016q1/bin/../lib/gcc/arm-none-eabi/5.3.1/armv7-m/crtn.o
                0x08001c90                . = ALIGN (0x4)
                0x08001c90                _etext = .

.vfp11_veneer   0x08001c90        0x0
 .vfp11_veneer  0x08001c90        0x0 linker stubs

.v4_bx          0x08001c90        0x0
 .v4_bx         0x08001c90        0x0 linker stubs

.iplt           0x08001c90        0x0
 .iplt          0x08001c90        0x0 c:/program files (x86)/gnu tools arm embedded/5.3 2016q1/bin/../lib/gcc/arm-none-eabi/5.3.1/armv7-m/crtbegin.o

.rodata         0x08001c90        0x8
                0x08001c90                . = ALIGN (0x4)
 *(.rodata)
 *(.rodata*)
 .rodata.str1.4
                0x08001c90        0x4 c:/program files (x86)/gnu tools arm embedded/5.3 2016q1/bin/../lib/gcc/arm-none-eabi/5.3.1/../../../../arm-none-eabi/lib/armv7-m\libc.a(lib_a-impure.o)
                                  0x2 (size before relaxing)
 .rodata._global_impure_ptr
                0x08001c94        0x4 c:/program files (x86)/gnu tools arm embedded/5.3 2016q1/bin/../lib/gcc/arm-none-eabi/5.3.1/../../../../arm-none-eabi/lib/armv7-m\libc.a(lib_a-impure.o)
                0x08001c94                _global_impure_ptr
                0x08001c98                . = ALIGN (0x4)

.rel.dyn        0x08001c98        0x0
 .rel.iplt      0x08001c98        0x0 c:/program files (x86)/gnu tools arm embedded/5.3 2016q1/bin/../lib/gcc/arm-none-eabi/5.3.1/armv7-m/crtbegin.o

.ARM.extab
 *(.ARM.extab* .gnu.linkonce.armextab.*)

.ARM            0x08001c98        0x0
                0x08001c98                __exidx_start = .
 *(.ARM.exidx*)
                0x08001c98                __exidx_end = .

.preinit_array  0x08001c98        0x0
                0x08001c98                PROVIDE (__preinit_array_start, .)
 *(.preinit_array*)
                0x08001c98                PROVIDE (__preinit_array_end, .)

.init_array     0x08001c98        0x8
                0x08001c98                PROVIDE (__init_array_start, .)
 *(SORT(.init_array.*))
 .init_array.00000
                0x08001c98        0x4 c:/program files (x86)/gnu tools arm embedded/5.3 2016q1/bin/../lib/gcc/arm-none-eabi/5.3.1/../../../../arm-none-eabi/lib/armv7-m\libc.a(lib_a-__call_atexit.o)
 *(.init_array*)
 .init_array    0x08001c9c        0x4 c:/program files (x86)/gnu tools arm embedded/5.3 2016q1/bin/../lib/gcc/arm-none-eabi/5.3.1/armv7-m/crtbegin.o
                0x08001ca0                PROVIDE (__init_array_end, .)

.fini_array     0x08001ca0        0x4
                0x08001ca0                PROVIDE (__fini_array_start, .)
 *(SORT(.fini_array.*))
 *(.fini_array*)
 .fini_array    0x08001ca0        0x4 c:/program files (x86)/gnu tools arm embedded/5.3 2016q1/bin/../lib/gcc/arm-none-eabi/5.3.1/armv7-m/crtbegin.o
                0x08001ca4                PROVIDE (__fini_array_end, .)
                0x08001ca4                _sidata = LOADADDR (.data)

.data           0x20000000      0x450 load address 0x08001ca4
                0x20000000                . = ALIGN (0x4)
                0x20000000                _sdata = .
 *(.data)
 .data          0x20000000       0x14 ..\obj\system_stm32f10x.o
                0x20000000                SystemCoreClock
                0x20000004                AHBPrescTable
 .data          0x20000014       0x14 ..\obj\stm32f10x_rcc.o
 *(.data*)
 .data.impure_data
                0x20000028      0x428 c:/program files (x86)/gnu tools arm embedded/5.3 2016q1/bin/../lib/gcc/arm-none-eabi/5.3.1/../../../../arm-none-eabi/lib/armv7-m\libc.a(lib_a-impure.o)
                0x20000450                . = ALIGN (0x4)
                0x20000450                _edata = .

.jcr            0x20000450        0x0 load address 0x080020f4
 .jcr           0x20000450        0x0 c:/program files (x86)/gnu tools arm embedded/5.3 2016q1/bin/../lib/gcc/arm-none-eabi/5.3.1/armv7-m/crtbegin.o

.igot.plt       0x20000450        0x0 load address 0x080020f4
 .igot.plt      0x20000450        0x0 c:/program files (x86)/gnu tools arm embedded/5.3 2016q1/bin/../lib/gcc/arm-none-eabi/5.3.1/armv7-m/crtbegin.o
                0x20000450                . = ALIGN (0x4)

.bss            0x20000450       0x1c load address 0x080020f4
                0x20000450                _sbss = .
                0x20000450                __bss_start__ = _sbss
 *(.bss)
 .bss           0x20000450       0x1c c:/program files (x86)/gnu tools arm embedded/5.3 2016q1/bin/../lib/gcc/arm-none-eabi/5.3.1/armv7-m/crtbegin.o
 *(.bss*)
 *(COMMON)
                0x2000046c                . = ALIGN (0x4)
                0x2000046c                _ebss = .
                0x2000046c                __bss_end__ = _ebss

._user_heap_stack
                0x2000046c      0x600 load address 0x080020f4
                0x2000046c                . = ALIGN (0x4)
                0x2000046c                PROVIDE (end, .)
                [!provide]                PROVIDE (_end, .)
                0x2000066c                . = (. + _Min_Heap_Size)
 *fill*         0x2000046c      0x200 
                0x20000a6c                . = (. + _Min_Stack_Size)
 *fill*         0x2000066c      0x400 
                0x20000a6c                . = ALIGN (0x4)

/DISCARD/
 libc.a(*)
 libm.a(*)
 libgcc.a(*)

.ARM.attributes
                0x00000000       0x29
 *(.ARM.attributes)
 .ARM.attributes
                0x00000000       0x1d c:/program files (x86)/gnu tools arm embedded/5.3 2016q1/bin/../lib/gcc/arm-none-eabi/5.3.1/armv7-m/crti.o
 .ARM.attributes
                0x0000001d       0x2d c:/program files (x86)/gnu tools arm embedded/5.3 2016q1/bin/../lib/gcc/arm-none-eabi/5.3.1/armv7-m/crtbegin.o
 .ARM.attributes
                0x0000004a       0x33 ..\obj\system_stm32f10x.o
 .ARM.attributes
                0x0000007d       0x33 ..\obj\GPIO_setting.o
 .ARM.attributes
                0x000000b0       0x33 ..\obj\stm32f10x_gpio.o
 .ARM.attributes
                0x000000e3       0x21 ..\obj\startup_stm32f103xb.o
 .ARM.attributes
                0x00000104       0x33 ..\obj\stm32f10x_rcc.o
 .ARM.attributes
                0x00000137       0x33 ..\obj\SPI_setting.o
 .ARM.attributes
                0x0000016a       0x33 ..\obj\stpMtr_drive.o
 .ARM.attributes
                0x0000019d       0x33 ..\obj\main.o
 .ARM.attributes
                0x000001d0       0x33 ..\obj\stm32f10x_spi.o
 .ARM.attributes
                0x00000203       0x1d c:/program files (x86)/gnu tools arm embedded/5.3 2016q1/bin/../lib/gcc/arm-none-eabi/5.3.1/armv7-m/crtn.o
LOAD ..\obj\stm32f10x_usart.o
LOAD ..\obj\system_stm32f10x.o
LOAD ..\obj\GPIO_setting.o
LOAD ..\obj\stm32f10x_gpio.o
LOAD ..\obj\syscalls.o
LOAD ..\obj\startup_stm32f103xb.o
LOAD ..\obj\stm32f10x_rcc.o
LOAD ..\obj\SPI_setting.o
LOAD ..\obj\stpMtr_drive.o
LOAD ..\obj\main.o
LOAD ..\obj\stm32f10x_spi.o
START GROUP
LOAD c:/program files (x86)/gnu tools arm embedded/5.3 2016q1/bin/../lib/gcc/arm-none-eabi/5.3.1/armv7-m\libgcc.a
LOAD c:/program files (x86)/gnu tools arm embedded/5.3 2016q1/bin/../lib/gcc/arm-none-eabi/5.3.1/../../../../arm-none-eabi/lib/armv7-m\libg.a
LOAD c:/program files (x86)/gnu tools arm embedded/5.3 2016q1/bin/../lib/gcc/arm-none-eabi/5.3.1/../../../../arm-none-eabi/lib/armv7-m\libc.a
END GROUP
LOAD c:/program files (x86)/gnu tools arm embedded/5.3 2016q1/bin/../lib/gcc/arm-none-eabi/5.3.1/armv7-m/crtend.o
LOAD c:/program files (x86)/gnu tools arm embedded/5.3 2016q1/bin/../lib/gcc/arm-none-eabi/5.3.1/armv7-m/crtn.o
OUTPUT(Testing_SepMotor_drive_with_stdperiph_lib.elf elf32-littlearm)

.debug_info     0x00000000     0x2995
 .debug_info    0x00000000      0x49c ..\obj\system_stm32f10x.o
 .debug_info    0x0000049c      0x244 ..\obj\GPIO_setting.o
 .debug_info    0x000006e0      0x6f6 ..\obj\stm32f10x_gpio.o
 .debug_info    0x00000dd6      0x113 ..\obj\startup_stm32f103xb.o
 .debug_info    0x00000ee9      0x8a3 ..\obj\stm32f10x_rcc.o
 .debug_info    0x0000178c      0x305 ..\obj\SPI_setting.o
 .debug_info    0x00001a91      0x2de ..\obj\stpMtr_drive.o
 .debug_info    0x00001d6f      0x32b ..\obj\main.o
 .debug_info    0x0000209a      0x8fb ..\obj\stm32f10x_spi.o

.debug_abbrev   0x00000000      0xa8c
 .debug_abbrev  0x00000000      0x14e ..\obj\system_stm32f10x.o
 .debug_abbrev  0x0000014e      0x109 ..\obj\GPIO_setting.o
 .debug_abbrev  0x00000257      0x1cc ..\obj\stm32f10x_gpio.o
 .debug_abbrev  0x00000423       0x12 ..\obj\startup_stm32f103xb.o
 .debug_abbrev  0x00000435      0x1bc ..\obj\stm32f10x_rcc.o
 .debug_abbrev  0x000005f1      0x114 ..\obj\SPI_setting.o
 .debug_abbrev  0x00000705       0xf8 ..\obj\stpMtr_drive.o
 .debug_abbrev  0x000007fd      0x10f ..\obj\main.o
 .debug_abbrev  0x0000090c      0x180 ..\obj\stm32f10x_spi.o

.debug_aranges  0x00000000      0x128
 .debug_aranges
                0x00000000       0x20 ..\obj\system_stm32f10x.o
 .debug_aranges
                0x00000020       0x20 ..\obj\GPIO_setting.o
 .debug_aranges
                0x00000040       0x20 ..\obj\stm32f10x_gpio.o
 .debug_aranges
                0x00000060       0x28 ..\obj\startup_stm32f103xb.o
 .debug_aranges
                0x00000088       0x20 ..\obj\stm32f10x_rcc.o
 .debug_aranges
                0x000000a8       0x20 ..\obj\SPI_setting.o
 .debug_aranges
                0x000000c8       0x20 ..\obj\stpMtr_drive.o
 .debug_aranges
                0x000000e8       0x20 ..\obj\main.o
 .debug_aranges
                0x00000108       0x20 ..\obj\stm32f10x_spi.o

.debug_line     0x00000000     0x174c
 .debug_line    0x00000000      0x249 ..\obj\system_stm32f10x.o
 .debug_line    0x00000249      0x2a4 ..\obj\GPIO_setting.o
 .debug_line    0x000004ed      0x2e8 ..\obj\stm32f10x_gpio.o
 .debug_line    0x000007d5       0xcb ..\obj\startup_stm32f103xb.o
 .debug_line    0x000008a0      0x331 ..\obj\stm32f10x_rcc.o
 .debug_line    0x00000bd1      0x2bc ..\obj\SPI_setting.o
 .debug_line    0x00000e8d      0x226 ..\obj\stpMtr_drive.o
 .debug_line    0x000010b3      0x2c5 ..\obj\main.o
 .debug_line    0x00001378      0x3d4 ..\obj\stm32f10x_spi.o

.debug_str      0x00000000     0x1099
 .debug_str     0x00000000      0x291 ..\obj\system_stm32f10x.o
                                0x305 (size before relaxing)
 .debug_str     0x00000291      0x191 ..\obj\GPIO_setting.o
                                0x2d9 (size before relaxing)
 .debug_str     0x00000422      0x2bb ..\obj\stm32f10x_gpio.o
                                0x537 (size before relaxing)
 .debug_str     0x000006dd      0x411 ..\obj\stm32f10x_rcc.o
                                0x638 (size before relaxing)
 .debug_str     0x00000aee      0x181 ..\obj\SPI_setting.o
                                0x305 (size before relaxing)
 .debug_str     0x00000c6f       0xae ..\obj\stpMtr_drive.o
                                0x2a1 (size before relaxing)
 .debug_str     0x00000d1d       0x71 ..\obj\main.o
                                0x322 (size before relaxing)
 .debug_str     0x00000d8e      0x30b ..\obj\stm32f10x_spi.o
                                0x630 (size before relaxing)

.comment        0x00000000       0x6e
 .comment       0x00000000       0x6e ..\obj\system_stm32f10x.o
                                 0x6f (size before relaxing)
 .comment       0x0000006e       0x6f ..\obj\GPIO_setting.o
 .comment       0x0000006e       0x6f ..\obj\stm32f10x_gpio.o
 .comment       0x0000006e       0x6f ..\obj\stm32f10x_rcc.o
 .comment       0x0000006e       0x6f ..\obj\SPI_setting.o
 .comment       0x0000006e       0x6f ..\obj\stpMtr_drive.o
 .comment       0x0000006e       0x6f ..\obj\main.o
 .comment       0x0000006e       0x6f ..\obj\stm32f10x_spi.o

.debug_frame    0x00000000      0xd5c
 .debug_frame   0x00000000       0x98 ..\obj\system_stm32f10x.o
 .debug_frame   0x00000098       0x34 ..\obj\GPIO_setting.o
 .debug_frame   0x000000cc      0x2d0 ..\obj\stm32f10x_gpio.o
 .debug_frame   0x0000039c      0x4f4 ..\obj\stm32f10x_rcc.o
 .debug_frame   0x00000890       0x5c ..\obj\SPI_setting.o
 .debug_frame   0x000008ec       0x78 ..\obj\stpMtr_drive.o
 .debug_frame   0x00000964       0x58 ..\obj\main.o
 .debug_frame   0x000009bc      0x3a0 ..\obj\stm32f10x_spi.o

.debug_ranges   0x00000000       0x20
 .debug_ranges  0x00000000       0x20 ..\obj\startup_stm32f103xb.o
