Archive member included to satisfy reference by file (symbol)

c:/program files (x86)/gnu tools arm embedded/5.3 2016q1/bin/../lib/gcc/arm-none-eabi/5.3.1/../../../../arm-none-eabi/lib/armv7-m\libc.a(lib_a-exit.o)
                              c:/program files (x86)/gnu tools arm embedded/5.3 2016q1/bin/../lib/gcc/arm-none-eabi/5.3.1/../../../../arm-none-eabi/lib/armv7-m/crt0.o (exit)
c:/program files (x86)/gnu tools arm embedded/5.3 2016q1/bin/../lib/gcc/arm-none-eabi/5.3.1/../../../../arm-none-eabi/lib/armv7-m\libc.a(lib_a-impure.o)
                              c:/program files (x86)/gnu tools arm embedded/5.3 2016q1/bin/../lib/gcc/arm-none-eabi/5.3.1/../../../../arm-none-eabi/lib/armv7-m\libc.a(lib_a-exit.o) (_global_impure_ptr)
c:/program files (x86)/gnu tools arm embedded/5.3 2016q1/bin/../lib/gcc/arm-none-eabi/5.3.1/../../../../arm-none-eabi/lib/armv7-m\libc.a(lib_a-init.o)
                              c:/program files (x86)/gnu tools arm embedded/5.3 2016q1/bin/../lib/gcc/arm-none-eabi/5.3.1/../../../../arm-none-eabi/lib/armv7-m/crt0.o (__libc_init_array)
c:/program files (x86)/gnu tools arm embedded/5.3 2016q1/bin/../lib/gcc/arm-none-eabi/5.3.1/../../../../arm-none-eabi/lib/armv7-m\libc.a(lib_a-memset.o)
                              c:/program files (x86)/gnu tools arm embedded/5.3 2016q1/bin/../lib/gcc/arm-none-eabi/5.3.1/../../../../arm-none-eabi/lib/armv7-m/crt0.o (memset)
c:/program files (x86)/gnu tools arm embedded/5.3 2016q1/bin/../lib/gcc/arm-none-eabi/5.3.1/../../../../arm-none-eabi/lib/armv7-m\libc.a(lib_a-__call_atexit.o)
                              c:/program files (x86)/gnu tools arm embedded/5.3 2016q1/bin/../lib/gcc/arm-none-eabi/5.3.1/../../../../arm-none-eabi/lib/armv7-m\libc.a(lib_a-exit.o) (__call_exitprocs)
c:/program files (x86)/gnu tools arm embedded/5.3 2016q1/bin/../lib/gcc/arm-none-eabi/5.3.1/../../../../arm-none-eabi/lib/armv7-m\libc.a(lib_a-atexit.o)
                              c:/program files (x86)/gnu tools arm embedded/5.3 2016q1/bin/../lib/gcc/arm-none-eabi/5.3.1/../../../../arm-none-eabi/lib/armv7-m\libc.a(lib_a-__call_atexit.o) (atexit)
c:/program files (x86)/gnu tools arm embedded/5.3 2016q1/bin/../lib/gcc/arm-none-eabi/5.3.1/../../../../arm-none-eabi/lib/armv7-m\libc.a(lib_a-fini.o)
                              c:/program files (x86)/gnu tools arm embedded/5.3 2016q1/bin/../lib/gcc/arm-none-eabi/5.3.1/../../../../arm-none-eabi/lib/armv7-m\libc.a(lib_a-__call_atexit.o) (__libc_fini_array)
c:/program files (x86)/gnu tools arm embedded/5.3 2016q1/bin/../lib/gcc/arm-none-eabi/5.3.1/../../../../arm-none-eabi/lib/armv7-m\libc.a(lib_a-__atexit.o)
                              c:/program files (x86)/gnu tools arm embedded/5.3 2016q1/bin/../lib/gcc/arm-none-eabi/5.3.1/../../../../arm-none-eabi/lib/armv7-m\libc.a(lib_a-atexit.o) (__register_exitproc)
c:/program files (x86)/gnu tools arm embedded/5.3 2016q1/bin/../lib/gcc/arm-none-eabi/5.3.1/../../../../arm-none-eabi/lib/armv7-m\libg.a(lib_a-errno.o)
                              ..\obj\syscalls.o (__errno)

Discarded input sections

 .text          0x00000000        0x0 c:/program files (x86)/gnu tools arm embedded/5.3 2016q1/bin/../lib/gcc/arm-none-eabi/5.3.1/armv7-m/crti.o
 .data          0x00000000        0x0 c:/program files (x86)/gnu tools arm embedded/5.3 2016q1/bin/../lib/gcc/arm-none-eabi/5.3.1/armv7-m/crti.o
 .bss           0x00000000        0x0 c:/program files (x86)/gnu tools arm embedded/5.3 2016q1/bin/../lib/gcc/arm-none-eabi/5.3.1/armv7-m/crti.o
 .data          0x00000000        0x4 c:/program files (x86)/gnu tools arm embedded/5.3 2016q1/bin/../lib/gcc/arm-none-eabi/5.3.1/armv7-m/crtbegin.o
 .text          0x00000000       0x74 c:/program files (x86)/gnu tools arm embedded/5.3 2016q1/bin/../lib/gcc/arm-none-eabi/5.3.1/../../../../arm-none-eabi/lib/armv7-m/crt0.o
 .data          0x00000000        0x0 c:/program files (x86)/gnu tools arm embedded/5.3 2016q1/bin/../lib/gcc/arm-none-eabi/5.3.1/../../../../arm-none-eabi/lib/armv7-m/crt0.o
 .bss           0x00000000        0x0 c:/program files (x86)/gnu tools arm embedded/5.3 2016q1/bin/../lib/gcc/arm-none-eabi/5.3.1/../../../../arm-none-eabi/lib/armv7-m/crt0.o
 .ARM.extab     0x00000000        0x0 c:/program files (x86)/gnu tools arm embedded/5.3 2016q1/bin/../lib/gcc/arm-none-eabi/5.3.1/../../../../arm-none-eabi/lib/armv7-m/crt0.o
 .ARM.exidx     0x00000000        0x8 c:/program files (x86)/gnu tools arm embedded/5.3 2016q1/bin/../lib/gcc/arm-none-eabi/5.3.1/../../../../arm-none-eabi/lib/armv7-m/crt0.o
 .ARM.attributes
                0x00000000       0x1b c:/program files (x86)/gnu tools arm embedded/5.3 2016q1/bin/../lib/gcc/arm-none-eabi/5.3.1/../../../../arm-none-eabi/lib/armv7-m/crt0.o
 .text          0x00000000        0x0 c:/program files (x86)/gnu tools arm embedded/5.3 2016q1/bin/../lib/gcc/arm-none-eabi/5.3.1/../../../../arm-none-eabi/lib/armv7-m\libc.a(lib_a-exit.o)
 .data          0x00000000        0x0 c:/program files (x86)/gnu tools arm embedded/5.3 2016q1/bin/../lib/gcc/arm-none-eabi/5.3.1/../../../../arm-none-eabi/lib/armv7-m\libc.a(lib_a-exit.o)
 .bss           0x00000000        0x0 c:/program files (x86)/gnu tools arm embedded/5.3 2016q1/bin/../lib/gcc/arm-none-eabi/5.3.1/../../../../arm-none-eabi/lib/armv7-m\libc.a(lib_a-exit.o)
 .text.exit     0x00000000       0x20 c:/program files (x86)/gnu tools arm embedded/5.3 2016q1/bin/../lib/gcc/arm-none-eabi/5.3.1/../../../../arm-none-eabi/lib/armv7-m\libc.a(lib_a-exit.o)
 .debug_frame   0x00000000       0x28 c:/program files (x86)/gnu tools arm embedded/5.3 2016q1/bin/../lib/gcc/arm-none-eabi/5.3.1/../../../../arm-none-eabi/lib/armv7-m\libc.a(lib_a-exit.o)
 .ARM.attributes
                0x00000000       0x2d c:/program files (x86)/gnu tools arm embedded/5.3 2016q1/bin/../lib/gcc/arm-none-eabi/5.3.1/../../../../arm-none-eabi/lib/armv7-m\libc.a(lib_a-exit.o)
 .text          0x00000000        0x0 c:/program files (x86)/gnu tools arm embedded/5.3 2016q1/bin/../lib/gcc/arm-none-eabi/5.3.1/../../../../arm-none-eabi/lib/armv7-m\libc.a(lib_a-impure.o)
 .data          0x00000000        0x0 c:/program files (x86)/gnu tools arm embedded/5.3 2016q1/bin/../lib/gcc/arm-none-eabi/5.3.1/../../../../arm-none-eabi/lib/armv7-m\libc.a(lib_a-impure.o)
 .bss           0x00000000        0x0 c:/program files (x86)/gnu tools arm embedded/5.3 2016q1/bin/../lib/gcc/arm-none-eabi/5.3.1/../../../../arm-none-eabi/lib/armv7-m\libc.a(lib_a-impure.o)
 .data._impure_ptr
                0x00000000        0x4 c:/program files (x86)/gnu tools arm embedded/5.3 2016q1/bin/../lib/gcc/arm-none-eabi/5.3.1/../../../../arm-none-eabi/lib/armv7-m\libc.a(lib_a-impure.o)
 .ARM.attributes
                0x00000000       0x2d c:/program files (x86)/gnu tools arm embedded/5.3 2016q1/bin/../lib/gcc/arm-none-eabi/5.3.1/../../../../arm-none-eabi/lib/armv7-m\libc.a(lib_a-impure.o)
 .text          0x00000000        0x0 c:/program files (x86)/gnu tools arm embedded/5.3 2016q1/bin/../lib/gcc/arm-none-eabi/5.3.1/../../../../arm-none-eabi/lib/armv7-m\libc.a(lib_a-init.o)
 .data          0x00000000        0x0 c:/program files (x86)/gnu tools arm embedded/5.3 2016q1/bin/../lib/gcc/arm-none-eabi/5.3.1/../../../../arm-none-eabi/lib/armv7-m\libc.a(lib_a-init.o)
 .bss           0x00000000        0x0 c:/program files (x86)/gnu tools arm embedded/5.3 2016q1/bin/../lib/gcc/arm-none-eabi/5.3.1/../../../../arm-none-eabi/lib/armv7-m\libc.a(lib_a-init.o)
 .debug_frame   0x00000000       0x2c c:/program files (x86)/gnu tools arm embedded/5.3 2016q1/bin/../lib/gcc/arm-none-eabi/5.3.1/../../../../arm-none-eabi/lib/armv7-m\libc.a(lib_a-init.o)
 .ARM.attributes
                0x00000000       0x2d c:/program files (x86)/gnu tools arm embedded/5.3 2016q1/bin/../lib/gcc/arm-none-eabi/5.3.1/../../../../arm-none-eabi/lib/armv7-m\libc.a(lib_a-init.o)
 .text          0x00000000        0x0 c:/program files (x86)/gnu tools arm embedded/5.3 2016q1/bin/../lib/gcc/arm-none-eabi/5.3.1/../../../../arm-none-eabi/lib/armv7-m\libc.a(lib_a-memset.o)
 .data          0x00000000        0x0 c:/program files (x86)/gnu tools arm embedded/5.3 2016q1/bin/../lib/gcc/arm-none-eabi/5.3.1/../../../../arm-none-eabi/lib/armv7-m\libc.a(lib_a-memset.o)
 .bss           0x00000000        0x0 c:/program files (x86)/gnu tools arm embedded/5.3 2016q1/bin/../lib/gcc/arm-none-eabi/5.3.1/../../../../arm-none-eabi/lib/armv7-m\libc.a(lib_a-memset.o)
 .text.memset   0x00000000       0x9c c:/program files (x86)/gnu tools arm embedded/5.3 2016q1/bin/../lib/gcc/arm-none-eabi/5.3.1/../../../../arm-none-eabi/lib/armv7-m\libc.a(lib_a-memset.o)
 .debug_frame   0x00000000       0x34 c:/program files (x86)/gnu tools arm embedded/5.3 2016q1/bin/../lib/gcc/arm-none-eabi/5.3.1/../../../../arm-none-eabi/lib/armv7-m\libc.a(lib_a-memset.o)
 .ARM.attributes
                0x00000000       0x2d c:/program files (x86)/gnu tools arm embedded/5.3 2016q1/bin/../lib/gcc/arm-none-eabi/5.3.1/../../../../arm-none-eabi/lib/armv7-m\libc.a(lib_a-memset.o)
 .text          0x00000000        0x0 c:/program files (x86)/gnu tools arm embedded/5.3 2016q1/bin/../lib/gcc/arm-none-eabi/5.3.1/../../../../arm-none-eabi/lib/armv7-m\libc.a(lib_a-__call_atexit.o)
 .data          0x00000000        0x0 c:/program files (x86)/gnu tools arm embedded/5.3 2016q1/bin/../lib/gcc/arm-none-eabi/5.3.1/../../../../arm-none-eabi/lib/armv7-m\libc.a(lib_a-__call_atexit.o)
 .bss           0x00000000        0x0 c:/program files (x86)/gnu tools arm embedded/5.3 2016q1/bin/../lib/gcc/arm-none-eabi/5.3.1/../../../../arm-none-eabi/lib/armv7-m\libc.a(lib_a-__call_atexit.o)
 .text.__call_exitprocs
                0x00000000       0xd8 c:/program files (x86)/gnu tools arm embedded/5.3 2016q1/bin/../lib/gcc/arm-none-eabi/5.3.1/../../../../arm-none-eabi/lib/armv7-m\libc.a(lib_a-__call_atexit.o)
 .debug_frame   0x00000000       0x50 c:/program files (x86)/gnu tools arm embedded/5.3 2016q1/bin/../lib/gcc/arm-none-eabi/5.3.1/../../../../arm-none-eabi/lib/armv7-m\libc.a(lib_a-__call_atexit.o)
 .ARM.attributes
                0x00000000       0x2d c:/program files (x86)/gnu tools arm embedded/5.3 2016q1/bin/../lib/gcc/arm-none-eabi/5.3.1/../../../../arm-none-eabi/lib/armv7-m\libc.a(lib_a-__call_atexit.o)
 .text          0x00000000        0x0 c:/program files (x86)/gnu tools arm embedded/5.3 2016q1/bin/../lib/gcc/arm-none-eabi/5.3.1/../../../../arm-none-eabi/lib/armv7-m\libc.a(lib_a-atexit.o)
 .data          0x00000000        0x0 c:/program files (x86)/gnu tools arm embedded/5.3 2016q1/bin/../lib/gcc/arm-none-eabi/5.3.1/../../../../arm-none-eabi/lib/armv7-m\libc.a(lib_a-atexit.o)
 .bss           0x00000000        0x0 c:/program files (x86)/gnu tools arm embedded/5.3 2016q1/bin/../lib/gcc/arm-none-eabi/5.3.1/../../../../arm-none-eabi/lib/armv7-m\libc.a(lib_a-atexit.o)
 .debug_frame   0x00000000       0x20 c:/program files (x86)/gnu tools arm embedded/5.3 2016q1/bin/../lib/gcc/arm-none-eabi/5.3.1/../../../../arm-none-eabi/lib/armv7-m\libc.a(lib_a-atexit.o)
 .ARM.attributes
                0x00000000       0x2d c:/program files (x86)/gnu tools arm embedded/5.3 2016q1/bin/../lib/gcc/arm-none-eabi/5.3.1/../../../../arm-none-eabi/lib/armv7-m\libc.a(lib_a-atexit.o)
 .text          0x00000000        0x0 c:/program files (x86)/gnu tools arm embedded/5.3 2016q1/bin/../lib/gcc/arm-none-eabi/5.3.1/../../../../arm-none-eabi/lib/armv7-m\libc.a(lib_a-fini.o)
 .data          0x00000000        0x0 c:/program files (x86)/gnu tools arm embedded/5.3 2016q1/bin/../lib/gcc/arm-none-eabi/5.3.1/../../../../arm-none-eabi/lib/armv7-m\libc.a(lib_a-fini.o)
 .bss           0x00000000        0x0 c:/program files (x86)/gnu tools arm embedded/5.3 2016q1/bin/../lib/gcc/arm-none-eabi/5.3.1/../../../../arm-none-eabi/lib/armv7-m\libc.a(lib_a-fini.o)
 .debug_frame   0x00000000       0x34 c:/program files (x86)/gnu tools arm embedded/5.3 2016q1/bin/../lib/gcc/arm-none-eabi/5.3.1/../../../../arm-none-eabi/lib/armv7-m\libc.a(lib_a-fini.o)
 .ARM.attributes
                0x00000000       0x2d c:/program files (x86)/gnu tools arm embedded/5.3 2016q1/bin/../lib/gcc/arm-none-eabi/5.3.1/../../../../arm-none-eabi/lib/armv7-m\libc.a(lib_a-fini.o)
 .text          0x00000000        0x0 c:/program files (x86)/gnu tools arm embedded/5.3 2016q1/bin/../lib/gcc/arm-none-eabi/5.3.1/../../../../arm-none-eabi/lib/armv7-m\libc.a(lib_a-__atexit.o)
 .data          0x00000000        0x0 c:/program files (x86)/gnu tools arm embedded/5.3 2016q1/bin/../lib/gcc/arm-none-eabi/5.3.1/../../../../arm-none-eabi/lib/armv7-m\libc.a(lib_a-__atexit.o)
 .bss           0x00000000        0x0 c:/program files (x86)/gnu tools arm embedded/5.3 2016q1/bin/../lib/gcc/arm-none-eabi/5.3.1/../../../../arm-none-eabi/lib/armv7-m\libc.a(lib_a-__atexit.o)
 .debug_frame   0x00000000       0x34 c:/program files (x86)/gnu tools arm embedded/5.3 2016q1/bin/../lib/gcc/arm-none-eabi/5.3.1/../../../../arm-none-eabi/lib/armv7-m\libc.a(lib_a-__atexit.o)
 .ARM.attributes
                0x00000000       0x2d c:/program files (x86)/gnu tools arm embedded/5.3 2016q1/bin/../lib/gcc/arm-none-eabi/5.3.1/../../../../arm-none-eabi/lib/armv7-m\libc.a(lib_a-__atexit.o)
 .text          0x00000000      0x908 ..\obj\stm32f10x_usart.o
 .data          0x00000000        0x0 ..\obj\stm32f10x_usart.o
 .bss           0x00000000        0x0 ..\obj\stm32f10x_usart.o
 .debug_info    0x00000000      0xa09 ..\obj\stm32f10x_usart.o
 .debug_abbrev  0x00000000      0x16d ..\obj\stm32f10x_usart.o
 .debug_aranges
                0x00000000       0x20 ..\obj\stm32f10x_usart.o
 .debug_line    0x00000000      0x33f ..\obj\stm32f10x_usart.o
 .debug_str     0x00000000      0x6be ..\obj\stm32f10x_usart.o
 .comment       0x00000000       0x6f ..\obj\stm32f10x_usart.o
 .debug_frame   0x00000000      0x490 ..\obj\stm32f10x_usart.o
 .ARM.attributes
                0x00000000       0x33 ..\obj\stm32f10x_usart.o
 .data          0x00000000        0x0 ..\obj\GPIO_setting.o
 .bss           0x00000000        0x0 ..\obj\GPIO_setting.o
 .data          0x00000000        0x0 ..\obj\stm32f10x_gpio.o
 .bss           0x00000000        0x0 ..\obj\stm32f10x_gpio.o
 .text          0x00000000      0x270 ..\obj\syscalls.o
 .data          0x00000000        0x4 ..\obj\syscalls.o
 .bss           0x00000000        0x8 ..\obj\syscalls.o
 .debug_info    0x00000000      0x663 ..\obj\syscalls.o
 .debug_abbrev  0x00000000      0x174 ..\obj\syscalls.o
 .debug_aranges
                0x00000000       0x20 ..\obj\syscalls.o
 .debug_line    0x00000000      0x187 ..\obj\syscalls.o
 .debug_str     0x00000000      0x3fb ..\obj\syscalls.o
 .comment       0x00000000       0x6f ..\obj\syscalls.o
 .debug_frame   0x00000000      0x2d4 ..\obj\syscalls.o
 .ARM.attributes
                0x00000000       0x33 ..\obj\syscalls.o
 .text          0x00000000       0x14 ..\obj\startup_stm32f103xb.o
 .data          0x00000000        0x0 ..\obj\startup_stm32f103xb.o
 .bss           0x00000000        0x0 ..\obj\startup_stm32f103xb.o
 .bss           0x00000000        0x0 ..\obj\stm32f10x_rcc.o
 .data          0x00000000        0x0 ..\obj\SPI_setting.o
 .bss           0x00000000        0x0 ..\obj\SPI_setting.o
 .data          0x00000000        0x0 ..\obj\stpMtr_drive.o
 .bss           0x00000000        0x0 ..\obj\stpMtr_drive.o
 .bss           0x00000000        0x0 ..\obj\system_stm32f1xx.o
 .data          0x00000000        0x0 ..\obj\main.o
 .bss           0x00000000        0x0 ..\obj\main.o
 .data          0x00000000        0x0 ..\obj\stm32f10x_spi.o
 .bss           0x00000000        0x0 ..\obj\stm32f10x_spi.o
 .text          0x00000000        0x0 c:/program files (x86)/gnu tools arm embedded/5.3 2016q1/bin/../lib/gcc/arm-none-eabi/5.3.1/../../../../arm-none-eabi/lib/armv7-m\libg.a(lib_a-errno.o)
 .data          0x00000000        0x0 c:/program files (x86)/gnu tools arm embedded/5.3 2016q1/bin/../lib/gcc/arm-none-eabi/5.3.1/../../../../arm-none-eabi/lib/armv7-m\libg.a(lib_a-errno.o)
 .bss           0x00000000        0x0 c:/program files (x86)/gnu tools arm embedded/5.3 2016q1/bin/../lib/gcc/arm-none-eabi/5.3.1/../../../../arm-none-eabi/lib/armv7-m\libg.a(lib_a-errno.o)
 .text.__errno  0x00000000        0xc c:/program files (x86)/gnu tools arm embedded/5.3 2016q1/bin/../lib/gcc/arm-none-eabi/5.3.1/../../../../arm-none-eabi/lib/armv7-m\libg.a(lib_a-errno.o)
 .debug_frame   0x00000000       0x20 c:/program files (x86)/gnu tools arm embedded/5.3 2016q1/bin/../lib/gcc/arm-none-eabi/5.3.1/../../../../arm-none-eabi/lib/armv7-m\libg.a(lib_a-errno.o)
 .ARM.attributes
                0x00000000       0x2d c:/program files (x86)/gnu tools arm embedded/5.3 2016q1/bin/../lib/gcc/arm-none-eabi/5.3.1/../../../../arm-none-eabi/lib/armv7-m\libg.a(lib_a-errno.o)
 .text          0x00000000        0x0 c:/program files (x86)/gnu tools arm embedded/5.3 2016q1/bin/../lib/gcc/arm-none-eabi/5.3.1/armv7-m/crtend.o
 .data          0x00000000        0x0 c:/program files (x86)/gnu tools arm embedded/5.3 2016q1/bin/../lib/gcc/arm-none-eabi/5.3.1/armv7-m/crtend.o
 .bss           0x00000000        0x0 c:/program files (x86)/gnu tools arm embedded/5.3 2016q1/bin/../lib/gcc/arm-none-eabi/5.3.1/armv7-m/crtend.o
 .eh_frame      0x00000000        0x4 c:/program files (x86)/gnu tools arm embedded/5.3 2016q1/bin/../lib/gcc/arm-none-eabi/5.3.1/armv7-m/crtend.o
 .jcr           0x00000000        0x4 c:/program files (x86)/gnu tools arm embedded/5.3 2016q1/bin/../lib/gcc/arm-none-eabi/5.3.1/armv7-m/crtend.o
 .ARM.attributes
                0x00000000       0x2d c:/program files (x86)/gnu tools arm embedded/5.3 2016q1/bin/../lib/gcc/arm-none-eabi/5.3.1/armv7-m/crtend.o
 .text          0x00000000        0x0 c:/program files (x86)/gnu tools arm embedded/5.3 2016q1/bin/../lib/gcc/arm-none-eabi/5.3.1/armv7-m/crtn.o
 .data          0x00000000        0x0 c:/program files (x86)/gnu tools arm embedded/5.3 2016q1/bin/../lib/gcc/arm-none-eabi/5.3.1/armv7-m/crtn.o
 .bss           0x00000000        0x0 c:/program files (x86)/gnu tools arm embedded/5.3 2016q1/bin/../lib/gcc/arm-none-eabi/5.3.1/armv7-m/crtn.o

Memory Configuration

Name             Origin             Length             Attributes
FLASH            0x08000000         0x00010000         xr
RAM              0x20000000         0x00005000         xrw
*default*        0x00000000         0xffffffff

Linker script and memory map

LOAD c:/program files (x86)/gnu tools arm embedded/5.3 2016q1/bin/../lib/gcc/arm-none-eabi/5.3.1/armv7-m/crti.o
LOAD c:/program files (x86)/gnu tools arm embedded/5.3 2016q1/bin/../lib/gcc/arm-none-eabi/5.3.1/armv7-m/crtbegin.o
LOAD c:/program files (x86)/gnu tools arm embedded/5.3 2016q1/bin/../lib/gcc/arm-none-eabi/5.3.1/../../../../arm-none-eabi/lib/armv7-m/crt0.o
                0x20004fff                _estack = 0x20004fff
                0x00000200                _Min_Heap_Size = 0x200
                0x00000400                _Min_Stack_Size = 0x400

.isr_vector     0x08000000      0x10c
                0x08000000                . = ALIGN (0x4)
 *(.isr_vector)
 .isr_vector    0x08000000      0x10c ..\obj\startup_stm32f103xb.o
                0x08000000                g_pfnVectors
                0x0800010c                . = ALIGN (0x4)

.text           0x0800010c     0x1a68
                0x0800010c                . = ALIGN (0x4)
 *(.text)
 .text          0x0800010c       0x5c c:/program files (x86)/gnu tools arm embedded/5.3 2016q1/bin/../lib/gcc/arm-none-eabi/5.3.1/armv7-m/crtbegin.o
 .text          0x08000168       0x34 ..\obj\GPIO_setting.o
                0x08000168                GPIO_conf
 .text          0x0800019c      0x5e8 ..\obj\stm32f10x_gpio.o
                0x0800019c                GPIO_DeInit
                0x08000280                GPIO_AFIODeInit
                0x08000298                GPIO_Init
                0x08000410                GPIO_StructInit
                0x08000438                GPIO_ReadInputDataBit
                0x0800046c                GPIO_ReadInputData
                0x08000484                GPIO_ReadOutputDataBit
                0x080004b8                GPIO_ReadOutputData
                0x080004d0                GPIO_SetBits
                0x080004ec                GPIO_ResetBits
                0x08000508                GPIO_WriteBit
                0x08000538                GPIO_Write
                0x08000554                GPIO_PinLockConfig
                0x08000598                GPIO_EventOutputConfig
                0x080005e4                GPIO_EventOutputCmd
                0x08000604                GPIO_PinRemapConfig
                0x080006e4                GPIO_EXTILineConfig
                0x08000768                GPIO_ETH_MediaInterfaceConfig
 .text          0x08000784      0x7d0 ..\obj\stm32f10x_rcc.o
                0x08000784                RCC_DeInit
                0x080007e0                RCC_HSEConfig
                0x0800083c                RCC_WaitForHSEStartUp
                0x0800088c                RCC_AdjustHSICalibrationValue
                0x080008c8                RCC_HSICmd
                0x080008e8                RCC_PLLConfig
                0x08000924                RCC_PLLCmd
                0x08000944                RCC_SYSCLKConfig
                0x0800097c                RCC_GetSYSCLKSource
                0x08000998                RCC_HCLKConfig
                0x080009d0                RCC_PCLK1Config
                0x08000a08                RCC_PCLK2Config
                0x08000a40                RCC_ITConfig
                0x08000a8c                RCC_USBCLKConfig
                0x08000aa8                RCC_ADCCLKConfig
                0x08000ae0                RCC_LSEConfig
                0x08000b20                RCC_LSICmd
                0x08000b40                RCC_RTCCLKConfig
                0x08000b64                RCC_RTCCLKCmd
                0x08000b84                RCC_GetClocksFreq
                0x08000ce4                RCC_AHBPeriphClockCmd
                0x08000d20                RCC_APB2PeriphClockCmd
                0x08000d5c                RCC_APB1PeriphClockCmd
                0x08000d98                RCC_APB2PeriphResetCmd
                0x08000dd4                RCC_APB1PeriphResetCmd
                0x08000e10                RCC_BackupResetCmd
                0x08000e30                RCC_ClockSecuritySystemCmd
                0x08000e50                RCC_MCOConfig
                0x08000e70                RCC_GetFlagStatus
                0x08000ee4                RCC_ClearFlag
                0x08000f00                RCC_GetITStatus
                0x08000f34                RCC_ClearITPendingBit
 .text          0x08000f54       0xd4 ..\obj\SPI_setting.o
                0x08000f54                enableSPI
                0x08000f94                SPI_conf
 .text          0x08001028       0x78 ..\obj\stpMtr_drive.o
                0x08001028                stdMtr_drive_conf
                0x08001058                sendConfToShiftReg
                0x08001084                outputData
 .text          0x080010a0      0x140 ..\obj\system_stm32f1xx.o
                0x080010a0                SystemInit
                0x08001108                SystemCoreClockUpdate
 .text          0x080011e0      0x10c ..\obj\main.o
                0x080011e0                main
 .text          0x080012ec      0x6e8 ..\obj\stm32f10x_spi.o
                0x080012ec                SPI_I2S_DeInit
                0x08001360                SPI_Init
                0x080013e8                I2S_Init
                0x08001550                SPI_StructInit
                0x08001598                I2S_StructInit
                0x080015d0                SPI_Cmd
                0x08001610                I2S_Cmd
                0x08001650                SPI_I2S_ITConfig
                0x080016b0                SPI_I2S_DMACmd
                0x080016f8                SPI_I2S_SendData
                0x08001714                SPI_I2S_ReceiveData
                0x0800172c                SPI_NSSInternalSoftwareConfig
                0x08001770                SPI_SSOutputCmd
                0x080017b0                SPI_DataSizeConfig
                0x080017e8                SPI_TransmitCRC
                0x0800180c                SPI_CalculateCRC
                0x0800184c                SPI_GetCRC
                0x0800187c                SPI_GetCRCPolynomial
                0x08001894                SPI_BiDirectionalLineConfig
                0x080018d4                SPI_I2S_GetFlagStatus
                0x0800190c                SPI_I2S_ClearFlag
                0x0800192c                SPI_I2S_GetITStatus
                0x080019a0                SPI_I2S_ClearITPendingBit
 *(.text*)
 .text.__libc_init_array
                0x080019d4       0x50 c:/program files (x86)/gnu tools arm embedded/5.3 2016q1/bin/../lib/gcc/arm-none-eabi/5.3.1/../../../../arm-none-eabi/lib/armv7-m\libc.a(lib_a-init.o)
                0x080019d4                __libc_init_array
 .text.startup.register_fini
                0x08001a24       0x14 c:/program files (x86)/gnu tools arm embedded/5.3 2016q1/bin/../lib/gcc/arm-none-eabi/5.3.1/../../../../arm-none-eabi/lib/armv7-m\libc.a(lib_a-__call_atexit.o)
 .text.atexit   0x08001a38        0xc c:/program files (x86)/gnu tools arm embedded/5.3 2016q1/bin/../lib/gcc/arm-none-eabi/5.3.1/../../../../arm-none-eabi/lib/armv7-m\libc.a(lib_a-atexit.o)
                0x08001a38                atexit
 .text.__libc_fini_array
                0x08001a44       0x28 c:/program files (x86)/gnu tools arm embedded/5.3 2016q1/bin/../lib/gcc/arm-none-eabi/5.3.1/../../../../arm-none-eabi/lib/armv7-m\libc.a(lib_a-fini.o)
                0x08001a44                __libc_fini_array
 .text.__register_exitproc
                0x08001a6c       0xa4 c:/program files (x86)/gnu tools arm embedded/5.3 2016q1/bin/../lib/gcc/arm-none-eabi/5.3.1/../../../../arm-none-eabi/lib/armv7-m\libc.a(lib_a-__atexit.o)
                0x08001a6c                __register_exitproc
 .text.Reset_Handler
                0x08001b10       0x48 ..\obj\startup_stm32f103xb.o
                0x08001b10                Reset_Handler
 .text.Default_Handler
                0x08001b58        0x2 ..\obj\startup_stm32f103xb.o
                0x08001b58                RTC_Alarm_IRQHandler
                0x08001b58                EXTI2_IRQHandler
                0x08001b58                DebugMon_Handler
                0x08001b58                TIM1_CC_IRQHandler
                0x08001b58                HardFault_Handler
                0x08001b58                SysTick_Handler
                0x08001b58                PVD_IRQHandler
                0x08001b58                PendSV_Handler
                0x08001b58                NMI_Handler
                0x08001b58                EXTI3_IRQHandler
                0x08001b58                EXTI0_IRQHandler
                0x08001b58                I2C2_EV_IRQHandler
                0x08001b58                UsageFault_Handler
                0x08001b58                ADC1_2_IRQHandler
                0x08001b58                SPI1_IRQHandler
                0x08001b58                TAMPER_IRQHandler
                0x08001b58                DMA1_Channel4_IRQHandler
                0x08001b58                USART3_IRQHandler
                0x08001b58                RTC_IRQHandler
                0x08001b58                DMA1_Channel7_IRQHandler
                0x08001b58                CAN1_RX1_IRQHandler
                0x08001b58                TIM4_IRQHandler
                0x08001b58                I2C1_EV_IRQHandler
                0x08001b58                DMA1_Channel6_IRQHandler
                0x08001b58                TIM3_IRQHandler
                0x08001b58                RCC_IRQHandler
                0x08001b58                TIM1_TRG_COM_IRQHandler
                0x08001b58                DMA1_Channel1_IRQHandler
                0x08001b58                Default_Handler
                0x08001b58                EXTI15_10_IRQHandler
                0x08001b58                EXTI9_5_IRQHandler
                0x08001b58                SPI2_IRQHandler
                0x08001b58                MemManage_Handler
                0x08001b58                SVC_Handler
                0x08001b58                DMA1_Channel5_IRQHandler
                0x08001b58                EXTI4_IRQHandler
                0x08001b58                USB_LP_CAN1_RX0_IRQHandler
                0x08001b58                USB_HP_CAN1_TX_IRQHandler
                0x08001b58                DMA1_Channel3_IRQHandler
                0x08001b58                TIM1_UP_IRQHandler
                0x08001b58                WWDG_IRQHandler
                0x08001b58                TIM2_IRQHandler
                0x08001b58                TIM1_BRK_IRQHandler
                0x08001b58                EXTI1_IRQHandler
                0x08001b58                USART2_IRQHandler
                0x08001b58                I2C2_ER_IRQHandler
                0x08001b58                DMA1_Channel2_IRQHandler
                0x08001b58                CAN1_SCE_IRQHandler
                0x08001b58                FLASH_IRQHandler
                0x08001b58                BusFault_Handler
                0x08001b58                USART1_IRQHandler
                0x08001b58                I2C1_ER_IRQHandler
                0x08001b58                USBWakeUp_IRQHandler
 *(.glue_7)
 .glue_7        0x08001b5a        0x0 linker stubs
 *(.glue_7t)
 .glue_7t       0x08001b5a        0x0 linker stubs
 *(.eh_frame)
 *fill*         0x08001b5a        0x2 
 .eh_frame      0x08001b5c        0x0 c:/program files (x86)/gnu tools arm embedded/5.3 2016q1/bin/../lib/gcc/arm-none-eabi/5.3.1/armv7-m/crtbegin.o
 *(.init)
 .init          0x08001b5c        0x4 c:/program files (x86)/gnu tools arm embedded/5.3 2016q1/bin/../lib/gcc/arm-none-eabi/5.3.1/armv7-m/crti.o
                0x08001b5c                _init
 .init          0x08001b60        0x8 c:/program files (x86)/gnu tools arm embedded/5.3 2016q1/bin/../lib/gcc/arm-none-eabi/5.3.1/armv7-m/crtn.o
 *(.fini)
 .fini          0x08001b68        0x4 c:/program files (x86)/gnu tools arm embedded/5.3 2016q1/bin/../lib/gcc/arm-none-eabi/5.3.1/armv7-m/crti.o
                0x08001b68                _fini
 .fini          0x08001b6c        0x8 c:/program files (x86)/gnu tools arm embedded/5.3 2016q1/bin/../lib/gcc/arm-none-eabi/5.3.1/armv7-m/crtn.o
                0x08001b74                . = ALIGN (0x4)
                0x08001b74                _etext = .

.vfp11_veneer   0x08001b74        0x0
 .vfp11_veneer  0x08001b74        0x0 linker stubs

.v4_bx          0x08001b74        0x0
 .v4_bx         0x08001b74        0x0 linker stubs

.iplt           0x08001b74        0x0
 .iplt          0x08001b74        0x0 c:/program files (x86)/gnu tools arm embedded/5.3 2016q1/bin/../lib/gcc/arm-none-eabi/5.3.1/armv7-m/crtbegin.o

.rodata         0x08001b74       0x18
                0x08001b74                . = ALIGN (0x4)
 *(.rodata)
 .rodata        0x08001b74       0x10 ..\obj\system_stm32f1xx.o
                0x08001b74                AHBPrescTable
 *(.rodata*)
 .rodata.str1.4
                0x08001b84        0x4 c:/program files (x86)/gnu tools arm embedded/5.3 2016q1/bin/../lib/gcc/arm-none-eabi/5.3.1/../../../../arm-none-eabi/lib/armv7-m\libc.a(lib_a-impure.o)
                                  0x2 (size before relaxing)
 .rodata._global_impure_ptr
                0x08001b88        0x4 c:/program files (x86)/gnu tools arm embedded/5.3 2016q1/bin/../lib/gcc/arm-none-eabi/5.3.1/../../../../arm-none-eabi/lib/armv7-m\libc.a(lib_a-impure.o)
                0x08001b88                _global_impure_ptr
                0x08001b8c                . = ALIGN (0x4)

.rel.dyn        0x08001b8c        0x0
 .rel.iplt      0x08001b8c        0x0 c:/program files (x86)/gnu tools arm embedded/5.3 2016q1/bin/../lib/gcc/arm-none-eabi/5.3.1/armv7-m/crtbegin.o

.ARM.extab
 *(.ARM.extab* .gnu.linkonce.armextab.*)

.ARM            0x08001b8c        0x0
                0x08001b8c                __exidx_start = .
 *(.ARM.exidx*)
                0x08001b8c                __exidx_end = .

.preinit_array  0x08001b8c        0x0
                0x08001b8c                PROVIDE (__preinit_array_start, .)
 *(.preinit_array*)
                0x08001b8c                PROVIDE (__preinit_array_end, .)

.init_array     0x08001b8c        0x8
                0x08001b8c                PROVIDE (__init_array_start, .)
 *(SORT(.init_array.*))
 .init_array.00000
                0x08001b8c        0x4 c:/program files (x86)/gnu tools arm embedded/5.3 2016q1/bin/../lib/gcc/arm-none-eabi/5.3.1/../../../../arm-none-eabi/lib/armv7-m\libc.a(lib_a-__call_atexit.o)
 *(.init_array*)
 .init_array    0x08001b90        0x4 c:/program files (x86)/gnu tools arm embedded/5.3 2016q1/bin/../lib/gcc/arm-none-eabi/5.3.1/armv7-m/crtbegin.o
                0x08001b94                PROVIDE (__init_array_end, .)

.fini_array     0x08001b94        0x4
                0x08001b94                PROVIDE (__fini_array_start, .)
 *(SORT(.fini_array.*))
 *(.fini_array*)
 .fini_array    0x08001b94        0x4 c:/program files (x86)/gnu tools arm embedded/5.3 2016q1/bin/../lib/gcc/arm-none-eabi/5.3.1/armv7-m/crtbegin.o
                0x08001b98                PROVIDE (__fini_array_end, .)
                0x08001b98                _sidata = LOADADDR (.data)

.data           0x20000000      0x440 load address 0x08001b98
                0x20000000                . = ALIGN (0x4)
                0x20000000                _sdata = .
 *(.data)
 .data          0x20000000       0x14 ..\obj\stm32f10x_rcc.o
 .data          0x20000014        0x4 ..\obj\system_stm32f1xx.o
                0x20000014                SystemCoreClock
 *(.data*)
 .data.impure_data
                0x20000018      0x428 c:/program files (x86)/gnu tools arm embedded/5.3 2016q1/bin/../lib/gcc/arm-none-eabi/5.3.1/../../../../arm-none-eabi/lib/armv7-m\libc.a(lib_a-impure.o)
                0x20000440                . = ALIGN (0x4)
                0x20000440                _edata = .

.jcr            0x20000440        0x0 load address 0x08001fd8
 .jcr           0x20000440        0x0 c:/program files (x86)/gnu tools arm embedded/5.3 2016q1/bin/../lib/gcc/arm-none-eabi/5.3.1/armv7-m/crtbegin.o

.igot.plt       0x20000440        0x0 load address 0x08001fd8
 .igot.plt      0x20000440        0x0 c:/program files (x86)/gnu tools arm embedded/5.3 2016q1/bin/../lib/gcc/arm-none-eabi/5.3.1/armv7-m/crtbegin.o
                0x20000440                . = ALIGN (0x4)

.bss            0x20000440       0x1c load address 0x08001fd8
                0x20000440                _sbss = .
                0x20000440                __bss_start__ = _sbss
 *(.bss)
 .bss           0x20000440       0x1c c:/program files (x86)/gnu tools arm embedded/5.3 2016q1/bin/../lib/gcc/arm-none-eabi/5.3.1/armv7-m/crtbegin.o
 *(.bss*)
 *(COMMON)
                0x2000045c                . = ALIGN (0x4)
                0x2000045c                _ebss = .
                0x2000045c                __bss_end__ = _ebss

._user_heap_stack
                0x2000045c      0x600 load address 0x08001fd8
                0x2000045c                . = ALIGN (0x4)
                0x2000045c                PROVIDE (end, .)
                [!provide]                PROVIDE (_end, .)
                0x2000065c                . = (. + _Min_Heap_Size)
 *fill*         0x2000045c      0x200 
                0x20000a5c                . = (. + _Min_Stack_Size)
 *fill*         0x2000065c      0x400 
                0x20000a5c                . = ALIGN (0x4)

/DISCARD/
 libc.a(*)
 libm.a(*)
 libgcc.a(*)

.ARM.attributes
                0x00000000       0x29
 *(.ARM.attributes)
 .ARM.attributes
                0x00000000       0x1d c:/program files (x86)/gnu tools arm embedded/5.3 2016q1/bin/../lib/gcc/arm-none-eabi/5.3.1/armv7-m/crti.o
 .ARM.attributes
                0x0000001d       0x2d c:/program files (x86)/gnu tools arm embedded/5.3 2016q1/bin/../lib/gcc/arm-none-eabi/5.3.1/armv7-m/crtbegin.o
 .ARM.attributes
                0x0000004a       0x33 ..\obj\GPIO_setting.o
 .ARM.attributes
                0x0000007d       0x33 ..\obj\stm32f10x_gpio.o
 .ARM.attributes
                0x000000b0       0x21 ..\obj\startup_stm32f103xb.o
 .ARM.attributes
                0x000000d1       0x33 ..\obj\stm32f10x_rcc.o
 .ARM.attributes
                0x00000104       0x33 ..\obj\SPI_setting.o
 .ARM.attributes
                0x00000137       0x33 ..\obj\stpMtr_drive.o
 .ARM.attributes
                0x0000016a       0x33 ..\obj\system_stm32f1xx.o
 .ARM.attributes
                0x0000019d       0x33 ..\obj\main.o
 .ARM.attributes
                0x000001d0       0x33 ..\obj\stm32f10x_spi.o
 .ARM.attributes
                0x00000203       0x1d c:/program files (x86)/gnu tools arm embedded/5.3 2016q1/bin/../lib/gcc/arm-none-eabi/5.3.1/armv7-m/crtn.o
LOAD ..\obj\stm32f10x_usart.o
LOAD ..\obj\GPIO_setting.o
LOAD ..\obj\stm32f10x_gpio.o
LOAD ..\obj\syscalls.o
LOAD ..\obj\startup_stm32f103xb.o
LOAD ..\obj\stm32f10x_rcc.o
LOAD ..\obj\SPI_setting.o
LOAD ..\obj\stpMtr_drive.o
LOAD ..\obj\system_stm32f1xx.o
LOAD ..\obj\main.o
LOAD ..\obj\stm32f10x_spi.o
START GROUP
LOAD c:/program files (x86)/gnu tools arm embedded/5.3 2016q1/bin/../lib/gcc/arm-none-eabi/5.3.1/armv7-m\libgcc.a
LOAD c:/program files (x86)/gnu tools arm embedded/5.3 2016q1/bin/../lib/gcc/arm-none-eabi/5.3.1/../../../../arm-none-eabi/lib/armv7-m\libg.a
LOAD c:/program files (x86)/gnu tools arm embedded/5.3 2016q1/bin/../lib/gcc/arm-none-eabi/5.3.1/../../../../arm-none-eabi/lib/armv7-m\libc.a
END GROUP
LOAD c:/program files (x86)/gnu tools arm embedded/5.3 2016q1/bin/../lib/gcc/arm-none-eabi/5.3.1/armv7-m/crtend.o
LOAD c:/program files (x86)/gnu tools arm embedded/5.3 2016q1/bin/../lib/gcc/arm-none-eabi/5.3.1/armv7-m/crtn.o
OUTPUT(Testing_SepMotor_drive_with_stdperiph_lib.elf elf32-littlearm)

.debug_info     0x00000000     0x2885
 .debug_info    0x00000000      0x244 ..\obj\GPIO_setting.o
 .debug_info    0x00000244      0x6f6 ..\obj\stm32f10x_gpio.o
 .debug_info    0x0000093a      0x113 ..\obj\startup_stm32f103xb.o
 .debug_info    0x00000a4d      0x8a3 ..\obj\stm32f10x_rcc.o
 .debug_info    0x000012f0      0x305 ..\obj\SPI_setting.o
 .debug_info    0x000015f5      0x2de ..\obj\stpMtr_drive.o
 .debug_info    0x000018d3      0x3ac ..\obj\system_stm32f1xx.o
 .debug_info    0x00001c7f      0x30b ..\obj\main.o
 .debug_info    0x00001f8a      0x8fb ..\obj\stm32f10x_spi.o

.debug_abbrev   0x00000000      0xa26
 .debug_abbrev  0x00000000      0x109 ..\obj\GPIO_setting.o
 .debug_abbrev  0x00000109      0x1cc ..\obj\stm32f10x_gpio.o
 .debug_abbrev  0x000002d5       0x12 ..\obj\startup_stm32f103xb.o
 .debug_abbrev  0x000002e7      0x1bc ..\obj\stm32f10x_rcc.o
 .debug_abbrev  0x000004a3      0x114 ..\obj\SPI_setting.o
 .debug_abbrev  0x000005b7       0xf8 ..\obj\stpMtr_drive.o
 .debug_abbrev  0x000006af      0x120 ..\obj\system_stm32f1xx.o
 .debug_abbrev  0x000007cf       0xd7 ..\obj\main.o
 .debug_abbrev  0x000008a6      0x180 ..\obj\stm32f10x_spi.o

.debug_aranges  0x00000000      0x128
 .debug_aranges
                0x00000000       0x20 ..\obj\GPIO_setting.o
 .debug_aranges
                0x00000020       0x20 ..\obj\stm32f10x_gpio.o
 .debug_aranges
                0x00000040       0x28 ..\obj\startup_stm32f103xb.o
 .debug_aranges
                0x00000068       0x20 ..\obj\stm32f10x_rcc.o
 .debug_aranges
                0x00000088       0x20 ..\obj\SPI_setting.o
 .debug_aranges
                0x000000a8       0x20 ..\obj\stpMtr_drive.o
 .debug_aranges
                0x000000c8       0x20 ..\obj\system_stm32f1xx.o
 .debug_aranges
                0x000000e8       0x20 ..\obj\main.o
 .debug_aranges
                0x00000108       0x20 ..\obj\stm32f10x_spi.o

.debug_line     0x00000000     0x1720
 .debug_line    0x00000000      0x2a4 ..\obj\GPIO_setting.o
 .debug_line    0x000002a4      0x2e8 ..\obj\stm32f10x_gpio.o
 .debug_line    0x0000058c       0xcb ..\obj\startup_stm32f103xb.o
 .debug_line    0x00000657      0x331 ..\obj\stm32f10x_rcc.o
 .debug_line    0x00000988      0x2bc ..\obj\SPI_setting.o
 .debug_line    0x00000c44      0x226 ..\obj\stpMtr_drive.o
 .debug_line    0x00000e6a      0x21e ..\obj\system_stm32f1xx.o
 .debug_line    0x00001088      0x2c4 ..\obj\main.o
 .debug_line    0x0000134c      0x3d4 ..\obj\stm32f10x_spi.o

.debug_str      0x00000000     0x1061
 .debug_str     0x00000000      0x280 ..\obj\GPIO_setting.o
                                0x2d9 (size before relaxing)
 .debug_str     0x00000280      0x2cf ..\obj\stm32f10x_gpio.o
                                0x537 (size before relaxing)
 .debug_str     0x0000054f      0x476 ..\obj\stm32f10x_rcc.o
                                0x638 (size before relaxing)
 .debug_str     0x000009c5      0x181 ..\obj\SPI_setting.o
                                0x305 (size before relaxing)
 .debug_str     0x00000b46       0xae ..\obj\stpMtr_drive.o
                                0x2a1 (size before relaxing)
 .debug_str     0x00000bf4       0xf1 ..\obj\system_stm32f1xx.o
                                0x29b (size before relaxing)
 .debug_str     0x00000ce5       0x71 ..\obj\main.o
                                0x322 (size before relaxing)
 .debug_str     0x00000d56      0x30b ..\obj\stm32f10x_spi.o
                                0x630 (size before relaxing)

.comment        0x00000000       0x6e
 .comment       0x00000000       0x6e ..\obj\GPIO_setting.o
                                 0x6f (size before relaxing)
 .comment       0x0000006e       0x6f ..\obj\stm32f10x_gpio.o
 .comment       0x0000006e       0x6f ..\obj\stm32f10x_rcc.o
 .comment       0x0000006e       0x6f ..\obj\SPI_setting.o
 .comment       0x0000006e       0x6f ..\obj\stpMtr_drive.o
 .comment       0x0000006e       0x6f ..\obj\system_stm32f1xx.o
 .comment       0x0000006e       0x6f ..\obj\main.o
 .comment       0x0000006e       0x6f ..\obj\stm32f10x_spi.o

.debug_frame    0x00000000      0xcf4
 .debug_frame   0x00000000       0x34 ..\obj\GPIO_setting.o
 .debug_frame   0x00000034      0x2d0 ..\obj\stm32f10x_gpio.o
 .debug_frame   0x00000304      0x4f4 ..\obj\stm32f10x_rcc.o
 .debug_frame   0x000007f8       0x5c ..\obj\SPI_setting.o
 .debug_frame   0x00000854       0x78 ..\obj\stpMtr_drive.o
 .debug_frame   0x000008cc       0x58 ..\obj\system_stm32f1xx.o
 .debug_frame   0x00000924       0x30 ..\obj\main.o
 .debug_frame   0x00000954      0x3a0 ..\obj\stm32f10x_spi.o

.debug_ranges   0x00000000       0x20
 .debug_ranges  0x00000000       0x20 ..\obj\startup_stm32f103xb.o
